
> web@0.1.0 dev
> next dev --hostname 127.0.0.1 --port 3100

▲ Next.js 16.2.10 (Turbopack)
- Local:         http://127.0.0.1:3100
- Network:       http://127.0.0.1:3100
✓ Ready in 8.7s

 GET / 200 in 679ms (next.js: 498ms, application-code: 181ms)
 GET / 200 in 57ms (next.js: 7ms, application-code: 50ms)
✓ Compiled in 255ms
 GET / 200 in 155ms (next.js: 85ms, application-code: 69ms)
[browser] <i data-lucide="sun" style="width: 22px; height: 22px;"></i> icon name was not found in the provided icons object. (file://C:/Users/SunderamTripathi/OneDrive - Archetype Consulting/_Archive/Documents/Finspeed/upstream-finspeed/apps/web/.next/dev/static/chunks/10ke_next_dist_1uo5wh0._.js:2477:13)
 GET / 200 in 109ms (next.js: 7ms, application-code: 102ms)
[browser] <i data-lucide="sun" style="width: 22px; height: 22px;"></i> icon name was not found in the provided icons object. (file://C:/Users/SunderamTripathi/OneDrive - Archetype Consulting/_Archive/Documents/Finspeed/upstream-finspeed/apps/web/.next/dev/static/chunks/10ke_next_dist_1uo5wh0._.js:2477:13)
[browser] <i data-lucide="moon" style="width: 22px; height: 22px;"></i> icon name was not found in the provided icons object. (file://C:/Users/SunderamTripathi/OneDrive - Archetype Consulting/_Archive/Documents/Finspeed/upstream-finspeed/apps/web/.next/dev/static/chunks/10ke_next_dist_1uo5wh0._.js:2477:13)
 GET / 200 in 91ms (next.js: 9ms, application-code: 82ms)
[browser] <i data-lucide="moon" style="width: 22px; height: 22px;"></i> icon name was not found in the provided icons object. (file://C:/Users/SunderamTripathi/OneDrive - Archetype Consulting/_Archive/Documents/Finspeed/upstream-finspeed/apps/web/.next/dev/static/chunks/10ke_next_dist_1uo5wh0._.js:2477:13)
✓ Compiled in 737ms
 GET / 200 in 234ms (next.js: 87ms, application-code: 147ms)
 GET / 200 in 67ms (next.js: 9ms, application-code: 58ms)
 GET / 200 in 61ms (next.js: 9ms, application-code: 52ms)
 GET / 200 in 145ms (next.js: 92ms, application-code: 53ms)
 GET / 200 in 70ms (next.js: 10ms, application-code: 60ms)
 GET /dealers 200 in 424ms (next.js: 64ms, application-code: 359ms)
 GET /blog 200 in 298ms (next.js: 86ms, application-code: 213ms)
 GET /api/dealers 200 in 338ms (next.js: 312ms, application-code: 26ms)
 GET /brand-story 200 in 164ms (next.js: 54ms, application-code: 110ms)
 GET /dealers 200 in 188ms (next.js: 10ms, application-code: 178ms)
 GET / 200 in 148ms (next.js: 13ms, application-code: 135ms)
 GET /api/dealers 200 in 34ms (next.js: 15ms, application-code: 19ms)
 GET /dealers 200 in 71ms (next.js: 7ms, application-code: 64ms)
 GET /api/dealers 200 in 18ms (next.js: 7ms, application-code: 11ms)
 GET /dealers 200 in 74ms (next.js: 9ms, application-code: 66ms)
 GET /api/dealers 200 in 15ms (next.js: 5ms, application-code: 10ms)
 GET /dealers 200 in 112ms (next.js: 8ms, application-code: 104ms)
 GET /api/dealers 200 in 13ms (next.js: 5ms, application-code: 7ms)
 GET /dealers 200 in 204ms (next.js: 9ms, application-code: 195ms)
 GET / 200 in 155ms (next.js: 16ms, application-code: 140ms)
 GET /api/dealers 200 in 38ms (next.js: 23ms, application-code: 15ms)
 GET / 200 in 92ms (next.js: 15ms, application-code: 78ms)
 GET /support 200 in 138ms (next.js: 64ms, application-code: 75ms)
 GET / 200 in 71ms (next.js: 9ms, application-code: 62ms)
 GET /testimonials 200 in 256ms (next.js: 74ms, application-code: 182ms)
 GET / 200 in 64ms (next.js: 10ms, application-code: 54ms)
 GET / 200 in 68ms (next.js: 9ms, application-code: 58ms)
 GET /shop 200 in 1153ms (next.js: 1081ms, application-code: 72ms)
 GET / 200 in 79ms (next.js: 10ms, application-code: 68ms)
 GET /shop 200 in 622ms (next.js: 514ms, application-code: 108ms)
 GET / 200 in 65ms (next.js: 8ms, application-code: 57ms)
 GET / 200 in 162ms (next.js: 11ms, application-code: 151ms)
 GET / 200 in 64ms (next.js: 9ms, application-code: 55ms)
 GET /shop 200 in 148ms (next.js: 28ms, application-code: 121ms)
 GET /products/mako-shark 200 in 108ms (next.js: 13ms, application-code: 95ms)
 GET /about 200 in 85ms (next.js: 12ms, application-code: 73ms)
 GET / 200 in 74ms (next.js: 10ms, application-code: 65ms)
 GET /shop 200 in 86ms (next.js: 18ms, application-code: 68ms)
 GET /products/mako-shark 200 in 89ms (next.js: 9ms, application-code: 79ms)
 GET /about 200 in 102ms (next.js: 22ms, application-code: 80ms)
 GET /about 200 in 501ms (next.js: 400ms, application-code: 101ms)
 GET / 200 in 61ms (next.js: 10ms, application-code: 51ms)
 GET /shop 200 in 165ms (next.js: 29ms, application-code: 137ms)
 GET /products/mako-shark 200 in 88ms (next.js: 10ms, application-code: 78ms)
 GET /about 200 in 554ms (next.js: 427ms, application-code: 126ms)
 GET / 200 in 82ms (next.js: 9ms, application-code: 72ms)
 GET / 200 in 71ms (next.js: 8ms, application-code: 63ms)
 GET / 200 in 56ms (next.js: 8ms, application-code: 48ms)
 GET / 200 in 64ms (next.js: 10ms, application-code: 54ms)
 GET / 200 in 83ms (next.js: 9ms, application-code: 74ms)
 GET / 200 in 135ms (next.js: 8ms, application-code: 127ms)
 GET / 200 in 102ms (next.js: 10ms, application-code: 92ms)
[?25h
npm error Lifecycle script `dev` failed with error:
npm error code 4294967295
npm error path C:\Users\SunderamTripathi\OneDrive - Archetype Consulting\_Archive\Documents\Finspeed\upstream-finspeed\apps\web
npm error workspace web@0.1.0
npm error location C:\Users\SunderamTripathi\OneDrive - Archetype Consulting\_Archive\Documents\Finspeed\upstream-finspeed\apps\web
npm error command failed
npm error command C:\Windows\system32\cmd.exe /d /s /c next dev --hostname 127.0.0.1 --port 3100
