
> web@0.1.0 build
> next build

▲ Next.js 16.2.10 (Turbopack)

  Creating an optimized production build ...
✓ Compiled successfully in 7.1s
  Running TypeScript ...
  Finished TypeScript in 7.9s ...
  Collecting page data using 7 workers ...
  Generating static pages using 7 workers (0/14) ...
  Generating static pages using 7 workers (3/14)
  Generating static pages using 7 workers (6/14)
  Generating static pages using 7 workers (10/14)
✓ Generating static pages using 7 workers (14/14) in 445ms
  Finalizing page optimization ...

Route (app)
┌ ○ /
├ ○ /_not-found
├ ƒ /[...designPath]
├ ○ /api/dealers
├ ○ /apple-icon.png
├ ○ /blog
├ ○ /brand-story
├ ○ /catalog
├ ○ /dealers
├ ○ /icon.png
├ ○ /models
├ ○ /support
└ ○ /testimonials


○  (Static)   prerendered as static content
ƒ  (Dynamic)  server-rendered on demand
