
> web@0.1.0 test
> playwright test --workers=2

[2m[WebServer] [22m
[2m[WebServer] [22m> web@0.1.0 dev
[2m[WebServer] [22m> next dev --webpack --hostname 127.0.0.1 --port 3100
[2m[WebServer] [22m
[2m[WebServer] [22m[1m[38;2;173;127;168m▲ Next.js 16.2.10[39m[22m (webpack)
[2m[WebServer] [22m- Local:         http://127.0.0.1:3100
[2m[WebServer] [22m- Network:       http://127.0.0.1:3100
[2m[WebServer] [22m[32m[1m✓[22m[39m Ready in 8.6s
[2m[WebServer] [22m
[2m[WebServer] [22m[37m[1m○[22m[39m Compiling / ...
[2m[WebServer] [22m GET / [32m200[39m in 9.6s[2m (next.js: 9.4s, application-code: 226ms)[22m

Running 55 tests using 2 workers

[2m[WebServer] [22m GET /dealers [32m200[39m in 1910ms[2m (next.js: 1684ms, application-code: 226ms)[22m
[2m[WebServer] [22m GET /account [32m200[39m in 2.7s[2m (next.js: 2.6s, application-code: 45ms)[22m
  ok  1 [chromium] › tests\account.spec.ts:39:7 › storefront owner account › renders checkout configuration and governed owner-care details without flattening the order (9.1s)
[2m[WebServer] [22m GET /api/dealers [32m200[39m in 1160ms[2m (next.js: 1130ms, application-code: 30ms)[22m
[2m[WebServer] [22m GET /api/dealers [32m200[39m in 12ms[2m (next.js: 5ms, application-code: 7ms)[22m
[2m[WebServer] [22m GET /account [32m200[39m in 264ms[2m (next.js: 67ms, application-code: 197ms)[22m
  ok  2 [chromium] › tests\a11y.spec.ts:4:5 › Dealer locator passes axe audit (10.9s)
[2m[WebServer] [22m GET /build [32m200[39m in 84ms[2m (next.js: 18ms, application-code: 66ms)[22m
  ok  3 [chromium] › tests\account.spec.ts:72:7 › storefront owner account › supports roving keyboard navigation across account sections (3.6s)
[2m[WebServer] [22m GET /account [32m200[39m in 63ms[2m (next.js: 16ms, application-code: 48ms)[22m
  ok  4 [chromium] › tests\a11y.spec.ts:12:5 › Bespoke build studio passes axe audit (4.8s)
  ok  5 [chromium] › tests\account.spec.ts:96:7 › storefront owner account › scopes orders and delivery details to the active local rider identity (3.7s)
[2m[WebServer] [22m GET /build [32m200[39m in 58ms[2m (next.js: 20ms, application-code: 39ms)[22m
[2m[WebServer] [22m GET /sign-in [32m200[39m in 45ms[2m (next.js: 3ms, application-code: 42ms)[22m
[2m[WebServer] [22m[36m[browser][39m [33m<svg xmlns="http://www.w3.org/2000/svg" width="24" height="24" viewBox="0 0 24 24" fill="none" stroke="currentColor" stroke-width="2" stroke-linecap="round" stroke-linejoin="round" data-lucide="menu" aria-hidden="true" class="lucide lucide-menu"><path d="M4 5h16"></path><path d="M4 12h16"></path><path d="M4 19h16"></path></svg> icon name was not found in the provided icons object.[39m [2m(src\design\features\storefront\Header.jsx:81:30)[22m
[2m[WebServer] [22m[36m[browser][39m [33m<svg xmlns="http://www.w3.org/2000/svg" width="24" height="24" viewBox="0 0 24 24" fill="none" stroke="currentColor" stroke-width="2" stroke-linecap="round" stroke-linejoin="round" data-lucide="search" aria-hidden="true" class="lucide lucide-search"><path d="m21 21-4.34-4.34"></path><circle cx="11" cy="11" r="8"></circle></svg> icon name was not found in the provided icons object.[39m [2m(src\design\features\storefront\Header.jsx:81:30)[22m
[2m[WebServer] [22m[36m[browser][39m [33m<svg xmlns="http://www.w3.org/2000/svg" width="24" height="24" viewBox="0 0 24 24" fill="none" stroke="currentColor" stroke-width="2" stroke-linecap="round" stroke-linejoin="round" data-lucide="shopping-cart" aria-hidden="true" class="lucide lucide-shopping-cart"><circle cx="8" cy="21" r="1"></circle><circle cx="19" cy="21" r="1"></circle><path d="M2.05 2.05h2l2.66 12.42a2 2 0 0 0 2 1.58h9.78a2 2 0 0 0 1.95-1.57l1.65-7.43H5.12"></path></svg> icon name was not found in the provided icons object.[39m [2m(src\design\features\storefront\Header.jsx:81:30)[22m
[2m[WebServer] [22m[36m[browser][39m [33m<svg xmlns="http://www.w3.org/2000/svg" width="24" height="24" viewBox="0 0 24 24" fill="none" stroke="currentColor" stroke-width="2" stroke-linecap="round" stroke-linejoin="round" data-lucide="mail" aria-hidden="true" class="lucide lucide-mail"><path d="m22 7-8.991 5.727a2 2 0 0 1-2.009 0L2 7"></path><rect x="2" y="4" width="20" height="16" rx="2"></rect></svg> icon name was not found in the provided icons object.[39m [2m(src\design\features\storefront\Header.jsx:81:30)[22m
[2m[WebServer] [22m[36m[browser][39m [33m<svg xmlns="http://www.w3.org/2000/svg" width="24" height="24" viewBox="0 0 24 24" fill="none" stroke="currentColor" stroke-width="2" stroke-linecap="round" stroke-linejoin="round" data-lucide="message-square" aria-hidden="true" class="lucide lucide-message-square"><path d="M22 17a2 2 0 0 1-2 2H6.828a2 2 0 0 0-1.414.586l-2.202 2.202A.71.71 0 0 1 2 21.286V5a2 2 0 0 1 2-2h16a2 2 0 0 1 2 2z"></path></svg> icon name was not found in the provided icons object.[39m [2m(src\design\features\storefront\Header.jsx:81:30)[22m
[2m[WebServer] [22m[36m[browser][39m [33m<svg xmlns="http://www.w3.org/2000/svg" width="24" height="24" viewBox="0 0 24 24" fill="none" stroke="currentColor" stroke-width="2" stroke-linecap="round" stroke-linejoin="round" data-lucide="mail" aria-hidden="true" class="lucide lucide-mail"><path d="m22 7-8.991 5.727a2 2 0 0 1-2.009 0L2 7"></path><rect x="2" y="4" width="20" height="16" rx="2"></rect></svg> icon name was not found in the provided icons object.[39m [2m(src\design\features\storefront\Header.jsx:81:30)[22m
[2m[WebServer] [22m[36m[browser][39m [33m<svg xmlns="http://www.w3.org/2000/svg" width="24" height="24" viewBox="0 0 24 24" fill="none" stroke="currentColor" stroke-width="2" stroke-linecap="round" stroke-linejoin="round" data-lucide="x" aria-hidden="true" class="lucide lucide-x"><path d="M18 6 6 18"></path><path d="m6 6 12 12"></path></svg> icon name was not found in the provided icons object.[39m [2m(src\design\features\storefront\Header.jsx:81:30)[22m
[2m[WebServer] [22m[36m[browser][39m [33m<svg xmlns="http://www.w3.org/2000/svg" width="24" height="24" viewBox="0 0 24 24" fill="none" stroke="currentColor" stroke-width="2" stroke-linecap="round" stroke-linejoin="round" data-lucide="shopping-cart" aria-hidden="true" class="lucide lucide-shopping-cart"><circle cx="8" cy="21" r="1"></circle><circle cx="19" cy="21" r="1"></circle><path d="M2.05 2.05h2l2.66 12.42a2 2 0 0 0 2 1.58h9.78a2 2 0 0 0 1.95-1.57l1.65-7.43H5.12"></path></svg> icon name was not found in the provided icons object.[39m [2m(src\design\features\storefront\Header.jsx:81:30)[22m
[2m[WebServer] [22m GET /sign-in [32m200[39m in 71ms[2m (next.js: 16ms, application-code: 55ms)[22m
  ok  6 [chromium] › tests\a11y.spec.ts:19:5 › Editorial navigation menu passes axe audit (4.7s)
[2m[WebServer] [22m GET /sign-in [32m200[39m in 486ms[2m (next.js: 370ms, application-code: 116ms)[22m
  ok  7 [chromium] › tests\auth.spec.ts:11:7 › storefront account access › uses governed owner-care claims and connects every secondary action (6.9s)
[2m[WebServer] [22m GET /blog [32m200[39m in 1322ms[2m (next.js: 978ms, application-code: 345ms)[22m
[2m[WebServer] [22m GET /sign-in [32m200[39m in 99ms[2m (next.js: 23ms, application-code: 76ms)[22m
  ok  8 [chromium] › tests\blog.spec.ts:3:5 › SCN-007 blog landing renders the approved article hero in both locale states (5.2s)
  ok  9 [chromium] › tests\auth.spec.ts:55:7 › storefront account access › retains the mock sign-in contract without pretending to authenticate remotely (4.2s)
[2m[WebServer] [22m GET /brand-story [32m200[39m in 1097ms[2m (next.js: 980ms, application-code: 117ms)[22m
[2m[WebServer] [22m GET /sign-in [32m200[39m in 72ms[2m (next.js: 24ms, application-code: 48ms)[22m
  ok 10 [chromium] › tests\brand-story.spec.ts:4:7 › SCN-005 brand story › renders hero copy and CTA links (4.0s)
  ok 11 [chromium] › tests\auth.spec.ts:72:7 › storefront account access › creates a local preview profile from the entered registration details (3.3s)
[2m[WebServer] [22m GET /shop [32m200[39m in 632ms[2m (next.js: 560ms, application-code: 72ms)[22m
[2m[WebServer] [22m GET /checkout [32m200[39m in 89ms[2m (next.js: 16ms, application-code: 73ms)[22m
  ok 12 [chromium] › tests\cart-drawer.spec.ts:27:7 › premium cart drawer › keeps configuration and quantity through the drawer and checkout handoff (3.9s)
  ok 13 [chromium] › tests\checkout.spec.ts:26:7 › configured checkout › uses configured pricing, exposes the configuration, and preserves it in the order (3.5s)
[2m[WebServer] [22m GET /shop [32m200[39m in 65ms[2m (next.js: 19ms, application-code: 47ms)[22m
[2m[WebServer] [22m GET /checkout [32m200[39m in 50ms[2m (next.js: 3ms, application-code: 47ms)[22m
  ok 14 [chromium] › tests\cart-drawer.spec.ts:62:7 › premium cart drawer › traps focus, closes on Escape, and returns focus to the cart trigger (2.8s)
  ok 15 [chromium] › tests\checkout.spec.ts:91:7 › configured checkout › continues to render legacy product-id carts at catalogue pricing (3.0s)
  ok 17 [chromium] › tests\dealer-data.spec.ts:16:5 › dealer data matches SCN-004 schema (21ms)
[2m[WebServer] [22m GET / [32m200[39m in 52ms[2m (next.js: 10ms, application-code: 42ms)[22m
[2m[WebServer] [22m GET /dealers [32m200[39m in 244ms[2m (next.js: 15ms, application-code: 229ms)[22m
  ok 16 [chromium] › tests\contract.spec.ts:6:7 › SCN-001 site shell contract › hero conveys brand promise and CTA (2.7s)
[2m[WebServer] [22m GET / [32m200[39m in 47ms[2m (next.js: 6ms, application-code: 41ms)[22m
[2m[WebServer] [22m GET /api/dealers [32m200[39m in 40ms[2m (next.js: 15ms, application-code: 25ms)[22m
[2m[WebServer] [22m GET /api/dealers [32m200[39m in 18ms[2m (next.js: 3ms, application-code: 15ms)[22m
  ok 18 [chromium] › tests\dealer-locator.spec.ts:16:7 › SCN-004 dealer locator contract › valid postal shows dealer results and filter chips update list (3.4s)
[2m[WebServer] [22m GET /dealers [32m200[39m in 44ms[2m (next.js: 3ms, application-code: 41ms)[22m
[2m[WebServer] [22m GET / [32m200[39m in 51ms[2m (next.js: 6ms, application-code: 46ms)[22m
[2m[WebServer] [22m[36m[browser][39m [33m<svg xmlns="http://www.w3.org/2000/svg" width="24" height="24" viewBox="0 0 24 24" fill="none" stroke="currentColor" stroke-width="2" stroke-linecap="round" stroke-linejoin="round" data-lucide="menu" aria-hidden="true" class="lucide lucide-menu"><path d="M4 5h16"></path><path d="M4 12h16"></path><path d="M4 19h16"></path></svg> icon name was not found in the provided icons object.[39m [2m(src\design\features\storefront\Header.jsx:81:30)[22m
[2m[WebServer] [22m[36m[browser][39m [33m<svg xmlns="http://www.w3.org/2000/svg" width="24" height="24" viewBox="0 0 24 24" fill="none" stroke="currentColor" stroke-width="2" stroke-linecap="round" stroke-linejoin="round" data-lucide="search" aria-hidden="true" class="lucide lucide-search"><path d="m21 21-4.34-4.34"></path><circle cx="11" cy="11" r="8"></circle></svg> icon name was not found in the provided icons object.[39m [2m(src\design\features\storefront\Header.jsx:81:30)[22m
[2m[WebServer] [22m[36m[browser][39m [33m<svg xmlns="http://www.w3.org/2000/svg" width="24" height="24" viewBox="0 0 24 24" fill="none" stroke="currentColor" stroke-width="2" stroke-linecap="round" stroke-linejoin="round" data-lucide="shopping-cart" aria-hidden="true" class="lucide lucide-shopping-cart"><circle cx="8" cy="21" r="1"></circle><circle cx="19" cy="21" r="1"></circle><path d="M2.05 2.05h2l2.66 12.42a2 2 0 0 0 2 1.58h9.78a2 2 0 0 0 1.95-1.57l1.65-7.43H5.12"></path></svg> icon name was not found in the provided icons object.[39m [2m(src\design\features\storefront\Header.jsx:81:30)[22m
[2m[WebServer] [22m[36m[browser][39m [33m<svg xmlns="http://www.w3.org/2000/svg" width="24" height="24" viewBox="0 0 24 24" fill="none" stroke="currentColor" stroke-width="2" stroke-linecap="round" stroke-linejoin="round" data-lucide="mail" aria-hidden="true" class="lucide lucide-mail"><path d="m22 7-8.991 5.727a2 2 0 0 1-2.009 0L2 7"></path><rect x="2" y="4" width="20" height="16" rx="2"></rect></svg> icon name was not found in the provided icons object.[39m [2m(src\design\features\storefront\Header.jsx:81:30)[22m
[2m[WebServer] [22m[36m[browser][39m [33m<svg xmlns="http://www.w3.org/2000/svg" width="24" height="24" viewBox="0 0 24 24" fill="none" stroke="currentColor" stroke-width="2" stroke-linecap="round" stroke-linejoin="round" data-lucide="message-square" aria-hidden="true" class="lucide lucide-message-square"><path d="M22 17a2 2 0 0 1-2 2H6.828a2 2 0 0 0-1.414.586l-2.202 2.202A.71.71 0 0 1 2 21.286V5a2 2 0 0 1 2-2h16a2 2 0 0 1 2 2z"></path></svg> icon name was not found in the provided icons object.[39m [2m(src\design\features\storefront\Header.jsx:81:30)[22m
[2m[WebServer] [22m[36m[browser][39m [33m<svg xmlns="http://www.w3.org/2000/svg" width="24" height="24" viewBox="0 0 24 24" fill="none" stroke="currentColor" stroke-width="2" stroke-linecap="round" stroke-linejoin="round" data-lucide="mail" aria-hidden="true" class="lucide lucide-mail"><path d="m22 7-8.991 5.727a2 2 0 0 1-2.009 0L2 7"></path><rect x="2" y="4" width="20" height="16" rx="2"></rect></svg> icon name was not found in the provided icons object.[39m [2m(src\design\features\storefront\Header.jsx:81:30)[22m
[2m[WebServer] [22m[36m[browser][39m [33m<svg xmlns="http://www.w3.org/2000/svg" width="24" height="24" viewBox="0 0 24 24" fill="none" stroke="currentColor" stroke-width="2" stroke-linecap="round" stroke-linejoin="round" data-lucide="x" aria-hidden="true" class="lucide lucide-x"><path d="M18 6 6 18"></path><path d="m6 6 12 12"></path></svg> icon name was not found in the provided icons object.[39m [2m(src\design\features\storefront\Header.jsx:81:30)[22m
[2m[WebServer] [22m[36m[browser][39m [33m<svg xmlns="http://www.w3.org/2000/svg" width="24" height="24" viewBox="0 0 24 24" fill="none" stroke="currentColor" stroke-width="2" stroke-linecap="round" stroke-linejoin="round" data-lucide="shopping-cart" aria-hidden="true" class="lucide lucide-shopping-cart"><circle cx="8" cy="21" r="1"></circle><circle cx="19" cy="21" r="1"></circle><path d="M2.05 2.05h2l2.66 12.42a2 2 0 0 0 2 1.58h9.78a2 2 0 0 0 1.95-1.57l1.65-7.43H5.12"></path></svg> icon name was not found in the provided icons object.[39m [2m(src\design\features\storefront\Header.jsx:81:30)[22m
[2m[WebServer] [22m GET /api/dealers [32m200[39m in 11ms[2m (next.js: 3ms, application-code: 7ms)[22m
[2m[WebServer] [22m GET /api/dealers [32m200[39m in 7ms[2m (next.js: 2ms, application-code: 5ms)[22m
[2m[WebServer] [22m[36m[browser][39m [33m<svg xmlns="http://www.w3.org/2000/svg" width="24" height="24" viewBox="0 0 24 24" fill="none" stroke="currentColor" stroke-width="2" stroke-linecap="round" stroke-linejoin="round" data-lucide="menu" aria-hidden="true" class="lucide lucide-menu"><path d="M4 5h16"></path><path d="M4 12h16"></path><path d="M4 19h16"></path></svg> icon name was not found in the provided icons object.[39m [2m(src\design\features\storefront\Header.jsx:81:30)[22m
[2m[WebServer] [22m[36m[browser][39m [33m<svg xmlns="http://www.w3.org/2000/svg" width="24" height="24" viewBox="0 0 24 24" fill="none" stroke="currentColor" stroke-width="2" stroke-linecap="round" stroke-linejoin="round" data-lucide="search" aria-hidden="true" class="lucide lucide-search"><path d="m21 21-4.34-4.34"></path><circle cx="11" cy="11" r="8"></circle></svg> icon name was not found in the provided icons object.[39m [2m(src\design\features\storefront\Header.jsx:81:30)[22m
[2m[WebServer] [22m[36m[browser][39m [33m<svg xmlns="http://www.w3.org/2000/svg" width="24" height="24" viewBox="0 0 24 24" fill="none" stroke="currentColor" stroke-width="2" stroke-linecap="round" stroke-linejoin="round" data-lucide="shopping-cart" aria-hidden="true" class="lucide lucide-shopping-cart"><circle cx="8" cy="21" r="1"></circle><circle cx="19" cy="21" r="1"></circle><path d="M2.05 2.05h2l2.66 12.42a2 2 0 0 0 2 1.58h9.78a2 2 0 0 0 1.95-1.57l1.65-7.43H5.12"></path></svg> icon name was not found in the provided icons object.[39m [2m(src\design\features\storefront\Header.jsx:81:30)[22m
[2m[WebServer] [22m[36m[browser][39m [33m<svg xmlns="http://www.w3.org/2000/svg" width="24" height="24" viewBox="0 0 24 24" fill="none" stroke="currentColor" stroke-width="2" stroke-linecap="round" stroke-linejoin="round" data-lucide="mail" aria-hidden="true" class="lucide lucide-mail"><path d="m22 7-8.991 5.727a2 2 0 0 1-2.009 0L2 7"></path><rect x="2" y="4" width="20" height="16" rx="2"></rect></svg> icon name was not found in the provided icons object.[39m [2m(src\design\features\storefront\Header.jsx:81:30)[22m
[2m[WebServer] [22m[36m[browser][39m [33m<svg xmlns="http://www.w3.org/2000/svg" width="24" height="24" viewBox="0 0 24 24" fill="none" stroke="currentColor" stroke-width="2" stroke-linecap="round" stroke-linejoin="round" data-lucide="message-square" aria-hidden="true" class="lucide lucide-message-square"><path d="M22 17a2 2 0 0 1-2 2H6.828a2 2 0 0 0-1.414.586l-2.202 2.202A.71.71 0 0 1 2 21.286V5a2 2 0 0 1 2-2h16a2 2 0 0 1 2 2z"></path></svg> icon name was not found in the provided icons object.[39m [2m(src\design\features\storefront\Header.jsx:81:30)[22m
[2m[WebServer] [22m[36m[browser][39m [33m<svg xmlns="http://www.w3.org/2000/svg" width="24" height="24" viewBox="0 0 24 24" fill="none" stroke="currentColor" stroke-width="2" stroke-linecap="round" stroke-linejoin="round" data-lucide="mail" aria-hidden="true" class="lucide lucide-mail"><path d="m22 7-8.991 5.727a2 2 0 0 1-2.009 0L2 7"></path><rect x="2" y="4" width="20" height="16" rx="2"></rect></svg> icon name was not found in the provided icons object.[39m [2m(src\design\features\storefront\Header.jsx:81:30)[22m
[2m[WebServer] [22m[36m[browser][39m [33m<svg xmlns="http://www.w3.org/2000/svg" width="24" height="24" viewBox="0 0 24 24" fill="none" stroke="currentColor" stroke-width="2" stroke-linecap="round" stroke-linejoin="round" data-lucide="x" aria-hidden="true" class="lucide lucide-x"><path d="M18 6 6 18"></path><path d="m6 6 12 12"></path></svg> icon name was not found in the provided icons object.[39m [2m(src\design\features\storefront\Header.jsx:81:30)[22m
[2m[WebServer] [22m[36m[browser][39m [33m<svg xmlns="http://www.w3.org/2000/svg" width="24" height="24" viewBox="0 0 24 24" fill="none" stroke="currentColor" stroke-width="2" stroke-linecap="round" stroke-linejoin="round" data-lucide="shopping-cart" aria-hidden="true" class="lucide lucide-shopping-cart"><circle cx="8" cy="21" r="1"></circle><circle cx="19" cy="21" r="1"></circle><path d="M2.05 2.05h2l2.66 12.42a2 2 0 0 0 2 1.58h9.78a2 2 0 0 0 1.95-1.57l1.65-7.43H5.12"></path></svg> icon name was not found in the provided icons object.[39m [2m(src\design\features\storefront\Header.jsx:81:30)[22m
  ok 19 [chromium] › tests\contract.spec.ts:12:7 › SCN-001 site shell contract › light homepage selects dedicated responsive campaign assets (4.5s)
  ok 20 [chromium] › tests\dealer-locator.spec.ts:28:7 › SCN-004 dealer locator contract › invalid postal triggers inline error (3.1s)
[2m[WebServer] [22m GET /shop [32m200[39m in 65ms[2m (next.js: 20ms, application-code: 45ms)[22m
[2m[WebServer] [22m GET /dealers [32m200[39m in 67ms[2m (next.js: 3ms, application-code: 64ms)[22m
[2m[WebServer] [22m GET /products/bull-shark [32m200[39m in 73ms[2m (next.js: 19ms, application-code: 54ms)[22m
[2m[WebServer] [22m GET /api/dealers [32m200[39m in 12ms[2m (next.js: 4ms, application-code: 8ms)[22m
[2m[WebServer] [22m GET /api/dealers [32m200[39m in 8ms[2m (next.js: 2ms, application-code: 6ms)[22m
  ok 22 [chromium] › tests\dealer-locator.spec.ts:38:7 › SCN-004 dealer locator contract › outage banner hides results and promotes support channels (3.9s)
  ok 21 [chromium] › tests\contract.spec.ts:49:7 › SCN-001 site shell contract › catalog and product detail use responsive upscaled product imagery (4.6s)
[2m[WebServer] [22m GET /dealers [32m200[39m in 36ms[2m (next.js: 3ms, application-code: 33ms)[22m
[2m[WebServer] [22m GET / [32m200[39m in 36ms[2m (next.js: 4ms, application-code: 32ms)[22m
[2m[WebServer] [22m GET /api/dealers [32m200[39m in 11ms[2m (next.js: 5ms, application-code: 6ms)[22m
[2m[WebServer] [22m GET /api/dealers [32m200[39m in 10ms[2m (next.js: 2ms, application-code: 8ms)[22m
  ok 23 [chromium] › tests\dealer-locator.spec.ts:50:7 › SCN-004 dealer locator contract › analytics stubs push GA payloads with consent flag (2.9s)
[2m[WebServer] [22m[36m[browser][39m [33m<svg xmlns="http://www.w3.org/2000/svg" width="24" height="24" viewBox="0 0 24 24" fill="none" stroke="currentColor" stroke-width="2" stroke-linecap="round" stroke-linejoin="round" data-lucide="menu" aria-hidden="true" class="lucide lucide-menu"><path d="M4 5h16"></path><path d="M4 12h16"></path><path d="M4 19h16"></path></svg> icon name was not found in the provided icons object.[39m [2m(src\design\features\storefront\Header.jsx:81:30)[22m
[2m[WebServer] [22m[36m[browser][39m [33m<svg xmlns="http://www.w3.org/2000/svg" width="24" height="24" viewBox="0 0 24 24" fill="none" stroke="currentColor" stroke-width="2" stroke-linecap="round" stroke-linejoin="round" data-lucide="search" aria-hidden="true" class="lucide lucide-search"><path d="m21 21-4.34-4.34"></path><circle cx="11" cy="11" r="8"></circle></svg> icon name was not found in the provided icons object.[39m [2m(src\design\features\storefront\Header.jsx:81:30)[22m
[2m[WebServer] [22m[36m[browser][39m [33m<svg xmlns="http://www.w3.org/2000/svg" width="24" height="24" viewBox="0 0 24 24" fill="none" stroke="currentColor" stroke-width="2" stroke-linecap="round" stroke-linejoin="round" data-lucide="shopping-cart" aria-hidden="true" class="lucide lucide-shopping-cart"><circle cx="8" cy="21" r="1"></circle><circle cx="19" cy="21" r="1"></circle><path d="M2.05 2.05h2l2.66 12.42a2 2 0 0 0 2 1.58h9.78a2 2 0 0 0 1.95-1.57l1.65-7.43H5.12"></path></svg> icon name was not found in the provided icons object.[39m [2m(src\design\features\storefront\Header.jsx:81:30)[22m
[2m[WebServer] [22m[36m[browser][39m [33m<svg xmlns="http://www.w3.org/2000/svg" width="24" height="24" viewBox="0 0 24 24" fill="none" stroke="currentColor" stroke-width="2" stroke-linecap="round" stroke-linejoin="round" data-lucide="mail" aria-hidden="true" class="lucide lucide-mail"><path d="m22 7-8.991 5.727a2 2 0 0 1-2.009 0L2 7"></path><rect x="2" y="4" width="20" height="16" rx="2"></rect></svg> icon name was not found in the provided icons object.[39m [2m(src\design\features\storefront\Header.jsx:81:30)[22m
[2m[WebServer] [22m[36m[browser][39m [33m<svg xmlns="http://www.w3.org/2000/svg" width="24" height="24" viewBox="0 0 24 24" fill="none" stroke="currentColor" stroke-width="2" stroke-linecap="round" stroke-linejoin="round" data-lucide="message-square" aria-hidden="true" class="lucide lucide-message-square"><path d="M22 17a2 2 0 0 1-2 2H6.828a2 2 0 0 0-1.414.586l-2.202 2.202A.71.71 0 0 1 2 21.286V5a2 2 0 0 1 2-2h16a2 2 0 0 1 2 2z"></path></svg> icon name was not found in the provided icons object.[39m [2m(src\design\features\storefront\Header.jsx:81:30)[22m
[2m[WebServer] [22m[36m[browser][39m [33m<svg xmlns="http://www.w3.org/2000/svg" width="24" height="24" viewBox="0 0 24 24" fill="none" stroke="currentColor" stroke-width="2" stroke-linecap="round" stroke-linejoin="round" data-lucide="mail" aria-hidden="true" class="lucide lucide-mail"><path d="m22 7-8.991 5.727a2 2 0 0 1-2.009 0L2 7"></path><rect x="2" y="4" width="20" height="16" rx="2"></rect></svg> icon name was not found in the provided icons object.[39m [2m(src\design\features\storefront\Header.jsx:81:30)[22m
[2m[WebServer] [22m[36m[browser][39m [33m<svg xmlns="http://www.w3.org/2000/svg" width="24" height="24" viewBox="0 0 24 24" fill="none" stroke="currentColor" stroke-width="2" stroke-linecap="round" stroke-linejoin="round" data-lucide="x" aria-hidden="true" class="lucide lucide-x"><path d="M18 6 6 18"></path><path d="m6 6 12 12"></path></svg> icon name was not found in the provided icons object.[39m [2m(src\design\features\storefront\Header.jsx:81:30)[22m
[2m[WebServer] [22m[36m[browser][39m [33m<svg xmlns="http://www.w3.org/2000/svg" width="24" height="24" viewBox="0 0 24 24" fill="none" stroke="currentColor" stroke-width="2" stroke-linecap="round" stroke-linejoin="round" data-lucide="shopping-cart" aria-hidden="true" class="lucide lucide-shopping-cart"><circle cx="8" cy="21" r="1"></circle><circle cx="19" cy="21" r="1"></circle><path d="M2.05 2.05h2l2.66 12.42a2 2 0 0 0 2 1.58h9.78a2 2 0 0 0 1.95-1.57l1.65-7.43H5.12"></path></svg> icon name was not found in the provided icons object.[39m [2m(src\design\features\storefront\Header.jsx:81:30)[22m
[2m[WebServer] [22m[36m[browser][39m [33m<svg xmlns="http://www.w3.org/2000/svg" width="24" height="24" viewBox="0 0 24 24" fill="none" stroke="currentColor" stroke-width="2" stroke-linecap="round" stroke-linejoin="round" data-lucide="menu" aria-hidden="true" class="lucide lucide-menu"><path d="M4 5h16"></path><path d="M4 12h16"></path><path d="M4 19h16"></path></svg> icon name was not found in the provided icons object.[39m [2m(src\design\features\storefront\Header.jsx:81:30)[22m
[2m[WebServer] [22m[36m[browser][39m [33m<svg xmlns="http://www.w3.org/2000/svg" width="24" height="24" viewBox="0 0 24 24" fill="none" stroke="currentColor" stroke-width="2" stroke-linecap="round" stroke-linejoin="round" data-lucide="search" aria-hidden="true" class="lucide lucide-search"><path d="m21 21-4.34-4.34"></path><circle cx="11" cy="11" r="8"></circle></svg> icon name was not found in the provided icons object.[39m [2m(src\design\features\storefront\Header.jsx:81:30)[22m
[2m[WebServer] [22m[36m[browser][39m [33m<svg xmlns="http://www.w3.org/2000/svg" width="24" height="24" viewBox="0 0 24 24" fill="none" stroke="currentColor" stroke-width="2" stroke-linecap="round" stroke-linejoin="round" data-lucide="shopping-cart" aria-hidden="true" class="lucide lucide-shopping-cart"><circle cx="8" cy="21" r="1"></circle><circle cx="19" cy="21" r="1"></circle><path d="M2.05 2.05h2l2.66 12.42a2 2 0 0 0 2 1.58h9.78a2 2 0 0 0 1.95-1.57l1.65-7.43H5.12"></path></svg> icon name was not found in the provided icons object.[39m [2m(src\design\features\storefront\Header.jsx:81:30)[22m
[2m[WebServer] [22m[36m[browser][39m [33m<svg xmlns="http://www.w3.org/2000/svg" width="24" height="24" viewBox="0 0 24 24" fill="none" stroke="currentColor" stroke-width="2" stroke-linecap="round" stroke-linejoin="round" data-lucide="mail" aria-hidden="true" class="lucide lucide-mail"><path d="m22 7-8.991 5.727a2 2 0 0 1-2.009 0L2 7"></path><rect x="2" y="4" width="20" height="16" rx="2"></rect></svg> icon name was not found in the provided icons object.[39m [2m(src\design\features\storefront\Header.jsx:81:30)[22m
[2m[WebServer] [22m[36m[browser][39m [33m<svg xmlns="http://www.w3.org/2000/svg" width="24" height="24" viewBox="0 0 24 24" fill="none" stroke="currentColor" stroke-width="2" stroke-linecap="round" stroke-linejoin="round" data-lucide="message-square" aria-hidden="true" class="lucide lucide-message-square"><path d="M22 17a2 2 0 0 1-2 2H6.828a2 2 0 0 0-1.414.586l-2.202 2.202A.71.71 0 0 1 2 21.286V5a2 2 0 0 1 2-2h16a2 2 0 0 1 2 2z"></path></svg> icon name was not found in the provided icons object.[39m [2m(src\design\features\storefront\Header.jsx:81:30)[22m
[2m[WebServer] [22m[36m[browser][39m [33m<svg xmlns="http://www.w3.org/2000/svg" width="24" height="24" viewBox="0 0 24 24" fill="none" stroke="currentColor" stroke-width="2" stroke-linecap="round" stroke-linejoin="round" data-lucide="mail" aria-hidden="true" class="lucide lucide-mail"><path d="m22 7-8.991 5.727a2 2 0 0 1-2.009 0L2 7"></path><rect x="2" y="4" width="20" height="16" rx="2"></rect></svg> icon name was not found in the provided icons object.[39m [2m(src\design\features\storefront\Header.jsx:81:30)[22m
[2m[WebServer] [22m[36m[browser][39m [33m<svg xmlns="http://www.w3.org/2000/svg" width="24" height="24" viewBox="0 0 24 24" fill="none" stroke="currentColor" stroke-width="2" stroke-linecap="round" stroke-linejoin="round" data-lucide="x" aria-hidden="true" class="lucide lucide-x"><path d="M18 6 6 18"></path><path d="m6 6 12 12"></path></svg> icon name was not found in the provided icons object.[39m [2m(src\design\features\storefront\Header.jsx:81:30)[22m
[2m[WebServer] [22m[36m[browser][39m [33m<svg xmlns="http://www.w3.org/2000/svg" width="24" height="24" viewBox="0 0 24 24" fill="none" stroke="currentColor" stroke-width="2" stroke-linecap="round" stroke-linejoin="round" data-lucide="shopping-cart" aria-hidden="true" class="lucide lucide-shopping-cart"><circle cx="8" cy="21" r="1"></circle><circle cx="19" cy="21" r="1"></circle><path d="M2.05 2.05h2l2.66 12.42a2 2 0 0 0 2 1.58h9.78a2 2 0 0 0 1.95-1.57l1.65-7.43H5.12"></path></svg> icon name was not found in the provided icons object.[39m [2m(src\design\features\storefront\Header.jsx:81:30)[22m
  ok 24 [chromium] › tests\contract.spec.ts:67:7 › SCN-001 site shell contract › header theme control exposes both campaign treatments (3.2s)
[2m[WebServer] [22m GET / [32m200[39m in 31ms[2m (next.js: 2ms, application-code: 29ms)[22m
[2m[WebServer] [22m GET / [32m200[39m in 112ms[2m (next.js: 3ms, application-code: 108ms)[22m
  ok 25 [chromium] › tests\favicon.spec.ts:25:5 › Finspeed favicon metadata serves the branded icon set (2.8s)
  ok 26 [chromium] › tests\contract.spec.ts:82:7 › SCN-001 site shell contract › primary CTA opens the redesigned catalog (2.6s)
[2m[WebServer] [22m GET / [32m200[39m in 34ms[2m (next.js: 2ms, application-code: 32ms)[22m
[2m[WebServer] [22m GET / [32m200[39m in 35ms[2m (next.js: 3ms, application-code: 32ms)[22m
  ok 27 [chromium] › tests\footer-newsletter.spec.ts:7:5 › premium footer exposes real destinations and contact actions (2.7s)
[2m[WebServer] [22m GET /shop [32m200[39m in 63ms[2m (next.js: 16ms, application-code: 48ms)[22m
[2m[WebServer] [22m GET / [32m200[39m in 57ms[2m (next.js: 4ms, application-code: 53ms)[22m
[2m[WebServer] [22m GET / [32m200[39m in 41ms[2m (next.js: 3ms, application-code: 38ms)[22m
  ok 29 [chromium] › tests\footer-newsletter.spec.ts:25:5 › newsletter presents either a real endpoint form or an honest email fallback (2.8s)
[2m[WebServer] [22m GET /shop [32m200[39m in 69ms[2m (next.js: 15ms, application-code: 54ms)[22m
[2m[WebServer] [22m GET /dealers [32m200[39m in 46ms[2m (next.js: 5ms, application-code: 41ms)[22m
  ok 28 [chromium] › tests\contract.spec.ts:89:7 › SCN-001 site shell contract › shared header geometry remains stable between home and catalog (5.7s)
[2m[WebServer] [22m GET / [32m200[39m in 68ms[2m (next.js: 3ms, application-code: 65ms)[22m
[2m[WebServer] [22m GET /api/dealers [32m200[39m in 8ms[2m (next.js: 3ms, application-code: 5ms)[22m
[2m[WebServer] [22m GET /api/dealers [32m200[39m in 8ms[2m (next.js: 4ms, application-code: 5ms)[22m
  ok 30 [chromium] › tests\outage.spec.ts:5:5 › outage toggle logs analytics event (2.6s)
[2m[WebServer] [22m GET / [32m200[39m in 41ms[2m (next.js: 4ms, application-code: 37ms)[22m
[2m[WebServer] [22m GET /products/mako-shark [32m200[39m in 51ms[2m (next.js: 15ms, application-code: 36ms)[22m
  ok 31 [chromium] › tests\contract.spec.ts:125:7 › SCN-001 site shell contract › brand mark and wordmark retain their optical alignment (3.1s)
[2m[WebServer] [22m GET / [32m200[39m in 37ms[2m (next.js: 3ms, application-code: 34ms)[22m
  ok 32 [chromium] › tests\product-detail-editorial.spec.ts:4:7 › premium editorial product detail › uses the official product master and only catalogue-backed specifications (2.6s)
[2m[WebServer] [22m GET /shop [32m200[39m in 64ms[2m (next.js: 16ms, application-code: 47ms)[22m
[2m[WebServer] [22m GET /products/mako-shark [32m200[39m in 43ms[2m (next.js: 7ms, application-code: 37ms)[22m
[2m[WebServer] [22m GET /build [32m200[39m in 221ms[2m (next.js: 132ms, application-code: 89ms)[22m
  ok 34 [chromium] › tests\product-detail-editorial.spec.ts:28:7 › premium editorial product detail › add to cart and buy now complete real storefront actions (3.0s)
[2m[WebServer] [22m GET /products/mako-shark [32m200[39m in 744ms[2m (next.js: 571ms, application-code: 173ms)[22m
[2m[WebServer] [22m GET /products/great-white-shark [32m200[39m in 123ms[2m (next.js: 6ms, application-code: 117ms)[22m
[2m[WebServer] [22m GET /engineering [32m200[39m in 143ms[2m (next.js: 18ms, application-code: 125ms)[22m
  ok 35 [chromium] › tests\product-detail-editorial.spec.ts:40:7 › premium editorial product detail › sold-out availability uses an endpoint when configured or an honest email fallback (3.4s)
[2m[WebServer] [22m GET / [32m200[39m in 48ms[2m (next.js: 4ms, application-code: 45ms)[22m
[2m[WebServer] [22m GET /products/mako-shark [32m200[39m in 603ms[2m (next.js: 558ms, application-code: 45ms)[22m
[2m[WebServer] [22m[36m[browser][39m [33m<svg xmlns="http://www.w3.org/2000/svg" width="24" height="24" viewBox="0 0 24 24" fill="none" stroke="currentColor" stroke-width="2" stroke-linecap="round" stroke-linejoin="round" data-lucide="menu" aria-hidden="true" class="lucide lucide-menu"><path d="M4 5h16"></path><path d="M4 12h16"></path><path d="M4 19h16"></path></svg> icon name was not found in the provided icons object.[39m [2m(src\design\features\storefront\Header.jsx:81:30)[22m
[2m[WebServer] [22m[36m[browser][39m [33m<svg xmlns="http://www.w3.org/2000/svg" width="24" height="24" viewBox="0 0 24 24" fill="none" stroke="currentColor" stroke-width="2" stroke-linecap="round" stroke-linejoin="round" data-lucide="search" aria-hidden="true" class="lucide lucide-search"><path d="m21 21-4.34-4.34"></path><circle cx="11" cy="11" r="8"></circle></svg> icon name was not found in the provided icons object.[39m [2m(src\design\features\storefront\Header.jsx:81:30)[22m
[2m[WebServer] [22m[36m[browser][39m [33m<svg xmlns="http://www.w3.org/2000/svg" width="24" height="24" viewBox="0 0 24 24" fill="none" stroke="currentColor" stroke-width="2" stroke-linecap="round" stroke-linejoin="round" data-lucide="shopping-cart" aria-hidden="true" class="lucide lucide-shopping-cart"><circle cx="8" cy="21" r="1"></circle><circle cx="19" cy="21" r="1"></circle><path d="M2.05 2.05h2l2.66 12.42a2 2 0 0 0 2 1.58h9.78a2 2 0 0 0 1.95-1.57l1.65-7.43H5.12"></path></svg> icon name was not found in the provided icons object.[39m [2m(src\design\features\storefront\Header.jsx:81:30)[22m
[2m[WebServer] [22m[36m[browser][39m [33m<svg xmlns="http://www.w3.org/2000/svg" width="24" height="24" viewBox="0 0 24 24" fill="none" stroke="currentColor" stroke-width="2" stroke-linecap="round" stroke-linejoin="round" data-lucide="mail" aria-hidden="true" class="lucide lucide-mail"><path d="m22 7-8.991 5.727a2 2 0 0 1-2.009 0L2 7"></path><rect x="2" y="4" width="20" height="16" rx="2"></rect></svg> icon name was not found in the provided icons object.[39m [2m(src\design\features\storefront\Header.jsx:81:30)[22m
[2m[WebServer] [22m[36m[browser][39m [33m<svg xmlns="http://www.w3.org/2000/svg" width="24" height="24" viewBox="0 0 24 24" fill="none" stroke="currentColor" stroke-width="2" stroke-linecap="round" stroke-linejoin="round" data-lucide="message-square" aria-hidden="true" class="lucide lucide-message-square"><path d="M22 17a2 2 0 0 1-2 2H6.828a2 2 0 0 0-1.414.586l-2.202 2.202A.71.71 0 0 1 2 21.286V5a2 2 0 0 1 2-2h16a2 2 0 0 1 2 2z"></path></svg> icon name was not found in the provided icons object.[39m [2m(src\design\features\storefront\Header.jsx:81:30)[22m
[2m[WebServer] [22m[36m[browser][39m [33m<svg xmlns="http://www.w3.org/2000/svg" width="24" height="24" viewBox="0 0 24 24" fill="none" stroke="currentColor" stroke-width="2" stroke-linecap="round" stroke-linejoin="round" data-lucide="mail" aria-hidden="true" class="lucide lucide-mail"><path d="m22 7-8.991 5.727a2 2 0 0 1-2.009 0L2 7"></path><rect x="2" y="4" width="20" height="16" rx="2"></rect></svg> icon name was not found in the provided icons object.[39m [2m(src\design\features\storefront\Header.jsx:81:30)[22m
[2m[WebServer] [22m[36m[browser][39m [33m<svg xmlns="http://www.w3.org/2000/svg" width="24" height="24" viewBox="0 0 24 24" fill="none" stroke="currentColor" stroke-width="2" stroke-linecap="round" stroke-linejoin="round" data-lucide="x" aria-hidden="true" class="lucide lucide-x"><path d="M18 6 6 18"></path><path d="m6 6 12 12"></path></svg> icon name was not found in the provided icons object.[39m [2m(src\design\features\storefront\Header.jsx:81:30)[22m
[2m[WebServer] [22m[36m[browser][39m [33m<svg xmlns="http://www.w3.org/2000/svg" width="24" height="24" viewBox="0 0 24 24" fill="none" stroke="currentColor" stroke-width="2" stroke-linecap="round" stroke-linejoin="round" data-lucide="shopping-cart" aria-hidden="true" class="lucide lucide-shopping-cart"><circle cx="8" cy="21" r="1"></circle><circle cx="19" cy="21" r="1"></circle><path d="M2.05 2.05h2l2.66 12.42a2 2 0 0 0 2 1.58h9.78a2 2 0 0 0 1.95-1.57l1.65-7.43H5.12"></path></svg> icon name was not found in the provided icons object.[39m [2m(src\design\features\storefront\Header.jsx:81:30)[22m
[2m[WebServer] [22m[36m[browser][39m [33m<svg xmlns="http://www.w3.org/2000/svg" width="24" height="24" viewBox="0 0 24 24" fill="none" stroke="currentColor" stroke-width="2" stroke-linecap="round" stroke-linejoin="round" data-lucide="menu" aria-hidden="true" class="lucide lucide-menu"><path d="M4 5h16"></path><path d="M4 12h16"></path><path d="M4 19h16"></path></svg> icon name was not found in the provided icons object.[39m [2m(src\design\features\storefront\Header.jsx:81:30)[22m
[2m[WebServer] [22m[36m[browser][39m [33m<svg xmlns="http://www.w3.org/2000/svg" width="24" height="24" viewBox="0 0 24 24" fill="none" stroke="currentColor" stroke-width="2" stroke-linecap="round" stroke-linejoin="round" data-lucide="search" aria-hidden="true" class="lucide lucide-search"><path d="m21 21-4.34-4.34"></path><circle cx="11" cy="11" r="8"></circle></svg> icon name was not found in the provided icons object.[39m [2m(src\design\features\storefront\Header.jsx:81:30)[22m
[2m[WebServer] [22m[36m[browser][39m [33m<svg xmlns="http://www.w3.org/2000/svg" width="24" height="24" viewBox="0 0 24 24" fill="none" stroke="currentColor" stroke-width="2" stroke-linecap="round" stroke-linejoin="round" data-lucide="shopping-cart" aria-hidden="true" class="lucide lucide-shopping-cart"><circle cx="8" cy="21" r="1"></circle><circle cx="19" cy="21" r="1"></circle><path d="M2.05 2.05h2l2.66 12.42a2 2 0 0 0 2 1.58h9.78a2 2 0 0 0 1.95-1.57l1.65-7.43H5.12"></path></svg> icon name was not found in the provided icons object.[39m [2m(src\design\features\storefront\Header.jsx:81:30)[22m
[2m[WebServer] [22m[36m[browser][39m [33m<svg xmlns="http://www.w3.org/2000/svg" width="24" height="24" viewBox="0 0 24 24" fill="none" stroke="currentColor" stroke-width="2" stroke-linecap="round" stroke-linejoin="round" data-lucide="mail" aria-hidden="true" class="lucide lucide-mail"><path d="m22 7-8.991 5.727a2 2 0 0 1-2.009 0L2 7"></path><rect x="2" y="4" width="20" height="16" rx="2"></rect></svg> icon name was not found in the provided icons object.[39m [2m(src\design\features\storefront\Header.jsx:81:30)[22m
[2m[WebServer] [22m[36m[browser][39m [33m<svg xmlns="http://www.w3.org/2000/svg" width="24" height="24" viewBox="0 0 24 24" fill="none" stroke="currentColor" stroke-width="2" stroke-linecap="round" stroke-linejoin="round" data-lucide="message-square" aria-hidden="true" class="lucide lucide-message-square"><path d="M22 17a2 2 0 0 1-2 2H6.828a2 2 0 0 0-1.414.586l-2.202 2.202A.71.71 0 0 1 2 21.286V5a2 2 0 0 1 2-2h16a2 2 0 0 1 2 2z"></path></svg> icon name was not found in the provided icons object.[39m [2m(src\design\features\storefront\Header.jsx:81:30)[22m
[2m[WebServer] [22m[36m[browser][39m [33m<svg xmlns="http://www.w3.org/2000/svg" width="24" height="24" viewBox="0 0 24 24" fill="none" stroke="currentColor" stroke-width="2" stroke-linecap="round" stroke-linejoin="round" data-lucide="mail" aria-hidden="true" class="lucide lucide-mail"><path d="m22 7-8.991 5.727a2 2 0 0 1-2.009 0L2 7"></path><rect x="2" y="4" width="20" height="16" rx="2"></rect></svg> icon name was not found in the provided icons object.[39m [2m(src\design\features\storefront\Header.jsx:81:30)[22m
[2m[WebServer] [22m[36m[browser][39m [33m<svg xmlns="http://www.w3.org/2000/svg" width="24" height="24" viewBox="0 0 24 24" fill="none" stroke="currentColor" stroke-width="2" stroke-linecap="round" stroke-linejoin="round" data-lucide="x" aria-hidden="true" class="lucide lucide-x"><path d="M18 6 6 18"></path><path d="m6 6 12 12"></path></svg> icon name was not found in the provided icons object.[39m [2m(src\design\features\storefront\Header.jsx:81:30)[22m
[2m[WebServer] [22m[36m[browser][39m [33m<svg xmlns="http://www.w3.org/2000/svg" width="24" height="24" viewBox="0 0 24 24" fill="none" stroke="currentColor" stroke-width="2" stroke-linecap="round" stroke-linejoin="round" data-lucide="shopping-cart" aria-hidden="true" class="lucide lucide-shopping-cart"><circle cx="8" cy="21" r="1"></circle><circle cx="19" cy="21" r="1"></circle><path d="M2.05 2.05h2l2.66 12.42a2 2 0 0 0 2 1.58h9.78a2 2 0 0 0 1.95-1.57l1.65-7.43H5.12"></path></svg> icon name was not found in the provided icons object.[39m [2m(src\design\features\storefront\Header.jsx:81:30)[22m
[2m[WebServer] [22m GET /shop [32m200[39m in 87ms[2m (next.js: 17ms, application-code: 70ms)[22m
  ok 36 [chromium] › tests\product-detail-editorial.spec.ts:58:7 › premium editorial product detail › keeps the primary purchase path inside a 390px viewport (3.5s)
[2m[WebServer] [22m GET /build [32m200[39m in 51ms[2m (next.js: 15ms, application-code: 36ms)[22m
[2m[WebServer] [22m GET / [32m200[39m in 39ms[2m (next.js: 3ms, application-code: 35ms)[22m
[2m[WebServer] [22m GET /products/mako-shark [32m200[39m in 74ms[2m (next.js: 15ms, application-code: 59ms)[22m
[2m[WebServer] [22m GET /engineering [32m200[39m in 75ms[2m (next.js: 17ms, application-code: 57ms)[22m
  ok 37 [chromium] › tests\search-editorial.spec.ts:3:5 › mobile header keeps search reachable and wheel-size suggestions return real products (3.1s)
[2m[WebServer] [22m GET / [32m200[39m in 51ms[2m (next.js: 3ms, application-code: 49ms)[22m
[2m[WebServer] [22m[36m[browser][39m [33m<svg xmlns="http://www.w3.org/2000/svg" width="24" height="24" viewBox="0 0 24 24" fill="none" stroke="currentColor" stroke-width="2" stroke-linecap="round" stroke-linejoin="round" data-lucide="menu" aria-hidden="true" class="lucide lucide-menu"><path d="M4 5h16"></path><path d="M4 12h16"></path><path d="M4 19h16"></path></svg> icon name was not found in the provided icons object.[39m [2m(src\design\features\storefront\Header.jsx:81:30)[22m
[2m[WebServer] [22m[36m[browser][39m [33m<svg xmlns="http://www.w3.org/2000/svg" width="24" height="24" viewBox="0 0 24 24" fill="none" stroke="currentColor" stroke-width="2" stroke-linecap="round" stroke-linejoin="round" data-lucide="search" aria-hidden="true" class="lucide lucide-search"><path d="m21 21-4.34-4.34"></path><circle cx="11" cy="11" r="8"></circle></svg> icon name was not found in the provided icons object.[39m [2m(src\design\features\storefront\Header.jsx:81:30)[22m
[2m[WebServer] [22m[36m[browser][39m [33m<svg xmlns="http://www.w3.org/2000/svg" width="24" height="24" viewBox="0 0 24 24" fill="none" stroke="currentColor" stroke-width="2" stroke-linecap="round" stroke-linejoin="round" data-lucide="shopping-cart" aria-hidden="true" class="lucide lucide-shopping-cart"><circle cx="8" cy="21" r="1"></circle><circle cx="19" cy="21" r="1"></circle><path d="M2.05 2.05h2l2.66 12.42a2 2 0 0 0 2 1.58h9.78a2 2 0 0 0 1.95-1.57l1.65-7.43H5.12"></path></svg> icon name was not found in the provided icons object.[39m [2m(src\design\features\storefront\Header.jsx:81:30)[22m
[2m[WebServer] [22m[36m[browser][39m [33m<svg xmlns="http://www.w3.org/2000/svg" width="24" height="24" viewBox="0 0 24 24" fill="none" stroke="currentColor" stroke-width="2" stroke-linecap="round" stroke-linejoin="round" data-lucide="mail" aria-hidden="true" class="lucide lucide-mail"><path d="m22 7-8.991 5.727a2 2 0 0 1-2.009 0L2 7"></path><rect x="2" y="4" width="20" height="16" rx="2"></rect></svg> icon name was not found in the provided icons object.[39m [2m(src\design\features\storefront\Header.jsx:81:30)[22m
[2m[WebServer] [22m[36m[browser][39m [33m<svg xmlns="http://www.w3.org/2000/svg" width="24" height="24" viewBox="0 0 24 24" fill="none" stroke="currentColor" stroke-width="2" stroke-linecap="round" stroke-linejoin="round" data-lucide="message-square" aria-hidden="true" class="lucide lucide-message-square"><path d="M22 17a2 2 0 0 1-2 2H6.828a2 2 0 0 0-1.414.586l-2.202 2.202A.71.71 0 0 1 2 21.286V5a2 2 0 0 1 2-2h16a2 2 0 0 1 2 2z"></path></svg> icon name was not found in the provided icons object.[39m [2m(src\design\features\storefront\Header.jsx:81:30)[22m
[2m[WebServer] [22m[36m[browser][39m [33m<svg xmlns="http://www.w3.org/2000/svg" width="24" height="24" viewBox="0 0 24 24" fill="none" stroke="currentColor" stroke-width="2" stroke-linecap="round" stroke-linejoin="round" data-lucide="mail" aria-hidden="true" class="lucide lucide-mail"><path d="m22 7-8.991 5.727a2 2 0 0 1-2.009 0L2 7"></path><rect x="2" y="4" width="20" height="16" rx="2"></rect></svg> icon name was not found in the provided icons object.[39m [2m(src\design\features\storefront\Header.jsx:81:30)[22m
[2m[WebServer] [22m[36m[browser][39m [33m<svg xmlns="http://www.w3.org/2000/svg" width="24" height="24" viewBox="0 0 24 24" fill="none" stroke="currentColor" stroke-width="2" stroke-linecap="round" stroke-linejoin="round" data-lucide="x" aria-hidden="true" class="lucide lucide-x"><path d="M18 6 6 18"></path><path d="m6 6 12 12"></path></svg> icon name was not found in the provided icons object.[39m [2m(src\design\features\storefront\Header.jsx:81:30)[22m
[2m[WebServer] [22m[36m[browser][39m [33m<svg xmlns="http://www.w3.org/2000/svg" width="24" height="24" viewBox="0 0 24 24" fill="none" stroke="currentColor" stroke-width="2" stroke-linecap="round" stroke-linejoin="round" data-lucide="shopping-cart" aria-hidden="true" class="lucide lucide-shopping-cart"><circle cx="8" cy="21" r="1"></circle><circle cx="19" cy="21" r="1"></circle><path d="M2.05 2.05h2l2.66 12.42a2 2 0 0 0 2 1.58h9.78a2 2 0 0 0 1.95-1.57l1.65-7.43H5.12"></path></svg> icon name was not found in the provided icons object.[39m [2m(src\design\features\storefront\Header.jsx:81:30)[22m
[2m[WebServer] [22m[36m[browser][39m [33m<svg xmlns="http://www.w3.org/2000/svg" width="24" height="24" viewBox="0 0 24 24" fill="none" stroke="currentColor" stroke-width="2" stroke-linecap="round" stroke-linejoin="round" data-lucide="menu" aria-hidden="true" class="lucide lucide-menu"><path d="M4 5h16"></path><path d="M4 12h16"></path><path d="M4 19h16"></path></svg> icon name was not found in the provided icons object.[39m [2m(src\design\features\storefront\Header.jsx:81:30)[22m
[2m[WebServer] [22m[36m[browser][39m [33m<svg xmlns="http://www.w3.org/2000/svg" width="24" height="24" viewBox="0 0 24 24" fill="none" stroke="currentColor" stroke-width="2" stroke-linecap="round" stroke-linejoin="round" data-lucide="search" aria-hidden="true" class="lucide lucide-search"><path d="m21 21-4.34-4.34"></path><circle cx="11" cy="11" r="8"></circle></svg> icon name was not found in the provided icons object.[39m [2m(src\design\features\storefront\Header.jsx:81:30)[22m
[2m[WebServer] [22m[36m[browser][39m [33m<svg xmlns="http://www.w3.org/2000/svg" width="24" height="24" viewBox="0 0 24 24" fill="none" stroke="currentColor" stroke-width="2" stroke-linecap="round" stroke-linejoin="round" data-lucide="shopping-cart" aria-hidden="true" class="lucide lucide-shopping-cart"><circle cx="8" cy="21" r="1"></circle><circle cx="19" cy="21" r="1"></circle><path d="M2.05 2.05h2l2.66 12.42a2 2 0 0 0 2 1.58h9.78a2 2 0 0 0 1.95-1.57l1.65-7.43H5.12"></path></svg> icon name was not found in the provided icons object.[39m [2m(src\design\features\storefront\Header.jsx:81:30)[22m
[2m[WebServer] [22m[36m[browser][39m [33m<svg xmlns="http://www.w3.org/2000/svg" width="24" height="24" viewBox="0 0 24 24" fill="none" stroke="currentColor" stroke-width="2" stroke-linecap="round" stroke-linejoin="round" data-lucide="mail" aria-hidden="true" class="lucide lucide-mail"><path d="m22 7-8.991 5.727a2 2 0 0 1-2.009 0L2 7"></path><rect x="2" y="4" width="20" height="16" rx="2"></rect></svg> icon name was not found in the provided icons object.[39m [2m(src\design\features\storefront\Header.jsx:81:30)[22m
[2m[WebServer] [22m[36m[browser][39m [33m<svg xmlns="http://www.w3.org/2000/svg" width="24" height="24" viewBox="0 0 24 24" fill="none" stroke="currentColor" stroke-width="2" stroke-linecap="round" stroke-linejoin="round" data-lucide="message-square" aria-hidden="true" class="lucide lucide-message-square"><path d="M22 17a2 2 0 0 1-2 2H6.828a2 2 0 0 0-1.414.586l-2.202 2.202A.71.71 0 0 1 2 21.286V5a2 2 0 0 1 2-2h16a2 2 0 0 1 2 2z"></path></svg> icon name was not found in the provided icons object.[39m [2m(src\design\features\storefront\Header.jsx:81:30)[22m
[2m[WebServer] [22m[36m[browser][39m [33m<svg xmlns="http://www.w3.org/2000/svg" width="24" height="24" viewBox="0 0 24 24" fill="none" stroke="currentColor" stroke-width="2" stroke-linecap="round" stroke-linejoin="round" data-lucide="mail" aria-hidden="true" class="lucide lucide-mail"><path d="m22 7-8.991 5.727a2 2 0 0 1-2.009 0L2 7"></path><rect x="2" y="4" width="20" height="16" rx="2"></rect></svg> icon name was not found in the provided icons object.[39m [2m(src\design\features\storefront\Header.jsx:81:30)[22m
[2m[WebServer] [22m[36m[browser][39m [33m<svg xmlns="http://www.w3.org/2000/svg" width="24" height="24" viewBox="0 0 24 24" fill="none" stroke="currentColor" stroke-width="2" stroke-linecap="round" stroke-linejoin="round" data-lucide="x" aria-hidden="true" class="lucide lucide-x"><path d="M18 6 6 18"></path><path d="m6 6 12 12"></path></svg> icon name was not found in the provided icons object.[39m [2m(src\design\features\storefront\Header.jsx:81:30)[22m
[2m[WebServer] [22m[36m[browser][39m [33m<svg xmlns="http://www.w3.org/2000/svg" width="24" height="24" viewBox="0 0 24 24" fill="none" stroke="currentColor" stroke-width="2" stroke-linecap="round" stroke-linejoin="round" data-lucide="shopping-cart" aria-hidden="true" class="lucide lucide-shopping-cart"><circle cx="8" cy="21" r="1"></circle><circle cx="19" cy="21" r="1"></circle><path d="M2.05 2.05h2l2.66 12.42a2 2 0 0 0 2 1.58h9.78a2 2 0 0 0 1.95-1.57l1.65-7.43H5.12"></path></svg> icon name was not found in the provided icons object.[39m [2m(src\design\features\storefront\Header.jsx:81:30)[22m
[2m[WebServer] [22m GET /support [32m200[39m in 2.2s[2m (next.js: 1541ms, application-code: 676ms)[22m
[2m[WebServer] [22m GET /shop [32m200[39m in 1344ms[2m (next.js: 1116ms, application-code: 227ms)[22m
[2m[WebServer] [22m GET /build [32m200[39m in 72ms[2m (next.js: 15ms, application-code: 57ms)[22m
  ok 38 [chromium] › tests\support.spec.ts:3:5 › SCN-008 support hub renders bilingual hero and contacts (5.0s)
[2m[WebServer] [22m GET /products/mako-shark [32m200[39m in 65ms[2m (next.js: 17ms, application-code: 49ms)[22m
[2m[WebServer] [22m GET /support [32m200[39m in 56ms[2m (next.js: 4ms, application-code: 52ms)[22m
[2m[WebServer] [22m GET /engineering [32m200[39m in 88ms[2m (next.js: 22ms, application-code: 66ms)[22m
[2m[WebServer] [22m GET / [32m200[39m in 77ms[2m (next.js: 12ms, application-code: 65ms)[22m
  ok 39 [chromium] › tests\support.spec.ts:14:5 › support request does not accept missing required details (3.2s)
[2m[WebServer] [22m[36m[browser][39m [33m<svg xmlns="http://www.w3.org/2000/svg" width="24" height="24" viewBox="0 0 24 24" fill="none" stroke="currentColor" stroke-width="2" stroke-linecap="round" stroke-linejoin="round" data-lucide="menu" aria-hidden="true" class="lucide lucide-menu"><path d="M4 5h16"></path><path d="M4 12h16"></path><path d="M4 19h16"></path></svg> icon name was not found in the provided icons object.[39m [2m(src\design\features\storefront\Header.jsx:81:30)[22m
[2m[WebServer] [22m[36m[browser][39m [33m<svg xmlns="http://www.w3.org/2000/svg" width="24" height="24" viewBox="0 0 24 24" fill="none" stroke="currentColor" stroke-width="2" stroke-linecap="round" stroke-linejoin="round" data-lucide="search" aria-hidden="true" class="lucide lucide-search"><path d="m21 21-4.34-4.34"></path><circle cx="11" cy="11" r="8"></circle></svg> icon name was not found in the provided icons object.[39m [2m(src\design\features\storefront\Header.jsx:81:30)[22m
[2m[WebServer] [22m[36m[browser][39m [33m<svg xmlns="http://www.w3.org/2000/svg" width="24" height="24" viewBox="0 0 24 24" fill="none" stroke="currentColor" stroke-width="2" stroke-linecap="round" stroke-linejoin="round" data-lucide="shopping-cart" aria-hidden="true" class="lucide lucide-shopping-cart"><circle cx="8" cy="21" r="1"></circle><circle cx="19" cy="21" r="1"></circle><path d="M2.05 2.05h2l2.66 12.42a2 2 0 0 0 2 1.58h9.78a2 2 0 0 0 1.95-1.57l1.65-7.43H5.12"></path></svg> icon name was not found in the provided icons object.[39m [2m(src\design\features\storefront\Header.jsx:81:30)[22m
[2m[WebServer] [22m[36m[browser][39m [33m<svg xmlns="http://www.w3.org/2000/svg" width="24" height="24" viewBox="0 0 24 24" fill="none" stroke="currentColor" stroke-width="2" stroke-linecap="round" stroke-linejoin="round" data-lucide="mail" aria-hidden="true" class="lucide lucide-mail"><path d="m22 7-8.991 5.727a2 2 0 0 1-2.009 0L2 7"></path><rect x="2" y="4" width="20" height="16" rx="2"></rect></svg> icon name was not found in the provided icons object.[39m [2m(src\design\features\storefront\Header.jsx:81:30)[22m
[2m[WebServer] [22m[36m[browser][39m [33m<svg xmlns="http://www.w3.org/2000/svg" width="24" height="24" viewBox="0 0 24 24" fill="none" stroke="currentColor" stroke-width="2" stroke-linecap="round" stroke-linejoin="round" data-lucide="message-square" aria-hidden="true" class="lucide lucide-message-square"><path d="M22 17a2 2 0 0 1-2 2H6.828a2 2 0 0 0-1.414.586l-2.202 2.202A.71.71 0 0 1 2 21.286V5a2 2 0 0 1 2-2h16a2 2 0 0 1 2 2z"></path></svg> icon name was not found in the provided icons object.[39m [2m(src\design\features\storefront\Header.jsx:81:30)[22m
[2m[WebServer] [22m[36m[browser][39m [33m<svg xmlns="http://www.w3.org/2000/svg" width="24" height="24" viewBox="0 0 24 24" fill="none" stroke="currentColor" stroke-width="2" stroke-linecap="round" stroke-linejoin="round" data-lucide="mail" aria-hidden="true" class="lucide lucide-mail"><path d="m22 7-8.991 5.727a2 2 0 0 1-2.009 0L2 7"></path><rect x="2" y="4" width="20" height="16" rx="2"></rect></svg> icon name was not found in the provided icons object.[39m [2m(src\design\features\storefront\Header.jsx:81:30)[22m
[2m[WebServer] [22m[36m[browser][39m [33m<svg xmlns="http://www.w3.org/2000/svg" width="24" height="24" viewBox="0 0 24 24" fill="none" stroke="currentColor" stroke-width="2" stroke-linecap="round" stroke-linejoin="round" data-lucide="x" aria-hidden="true" class="lucide lucide-x"><path d="M18 6 6 18"></path><path d="m6 6 12 12"></path></svg> icon name was not found in the provided icons object.[39m [2m(src\design\features\storefront\Header.jsx:81:30)[22m
[2m[WebServer] [22m[36m[browser][39m [33m<svg xmlns="http://www.w3.org/2000/svg" width="24" height="24" viewBox="0 0 24 24" fill="none" stroke="currentColor" stroke-width="2" stroke-linecap="round" stroke-linejoin="round" data-lucide="shopping-cart" aria-hidden="true" class="lucide lucide-shopping-cart"><circle cx="8" cy="21" r="1"></circle><circle cx="19" cy="21" r="1"></circle><path d="M2.05 2.05h2l2.66 12.42a2 2 0 0 0 2 1.58h9.78a2 2 0 0 0 1.95-1.57l1.65-7.43H5.12"></path></svg> icon name was not found in the provided icons object.[39m [2m(src\design\features\storefront\Header.jsx:81:30)[22m
[2m[WebServer] [22m[36m[browser][39m [33m<svg xmlns="http://www.w3.org/2000/svg" width="24" height="24" viewBox="0 0 24 24" fill="none" stroke="currentColor" stroke-width="2" stroke-linecap="round" stroke-linejoin="round" data-lucide="menu" aria-hidden="true" class="lucide lucide-menu"><path d="M4 5h16"></path><path d="M4 12h16"></path><path d="M4 19h16"></path></svg> icon name was not found in the provided icons object.[39m [2m(src\design\features\storefront\Header.jsx:81:30)[22m
[2m[WebServer] [22m[36m[browser][39m [33m<svg xmlns="http://www.w3.org/2000/svg" width="24" height="24" viewBox="0 0 24 24" fill="none" stroke="currentColor" stroke-width="2" stroke-linecap="round" stroke-linejoin="round" data-lucide="search" aria-hidden="true" class="lucide lucide-search"><path d="m21 21-4.34-4.34"></path><circle cx="11" cy="11" r="8"></circle></svg> icon name was not found in the provided icons object.[39m [2m(src\design\features\storefront\Header.jsx:81:30)[22m
[2m[WebServer] [22m[36m[browser][39m [33m<svg xmlns="http://www.w3.org/2000/svg" width="24" height="24" viewBox="0 0 24 24" fill="none" stroke="currentColor" stroke-width="2" stroke-linecap="round" stroke-linejoin="round" data-lucide="shopping-cart" aria-hidden="true" class="lucide lucide-shopping-cart"><circle cx="8" cy="21" r="1"></circle><circle cx="19" cy="21" r="1"></circle><path d="M2.05 2.05h2l2.66 12.42a2 2 0 0 0 2 1.58h9.78a2 2 0 0 0 1.95-1.57l1.65-7.43H5.12"></path></svg> icon name was not found in the provided icons object.[39m [2m(src\design\features\storefront\Header.jsx:81:30)[22m
[2m[WebServer] [22m[36m[browser][39m [33m<svg xmlns="http://www.w3.org/2000/svg" width="24" height="24" viewBox="0 0 24 24" fill="none" stroke="currentColor" stroke-width="2" stroke-linecap="round" stroke-linejoin="round" data-lucide="mail" aria-hidden="true" class="lucide lucide-mail"><path d="m22 7-8.991 5.727a2 2 0 0 1-2.009 0L2 7"></path><rect x="2" y="4" width="20" height="16" rx="2"></rect></svg> icon name was not found in the provided icons object.[39m [2m(src\design\features\storefront\Header.jsx:81:30)[22m
[2m[WebServer] [22m[36m[browser][39m [33m<svg xmlns="http://www.w3.org/2000/svg" width="24" height="24" viewBox="0 0 24 24" fill="none" stroke="currentColor" stroke-width="2" stroke-linecap="round" stroke-linejoin="round" data-lucide="message-square" aria-hidden="true" class="lucide lucide-message-square"><path d="M22 17a2 2 0 0 1-2 2H6.828a2 2 0 0 0-1.414.586l-2.202 2.202A.71.71 0 0 1 2 21.286V5a2 2 0 0 1 2-2h16a2 2 0 0 1 2 2z"></path></svg> icon name was not found in the provided icons object.[39m [2m(src\design\features\storefront\Header.jsx:81:30)[22m
[2m[WebServer] [22m[36m[browser][39m [33m<svg xmlns="http://www.w3.org/2000/svg" width="24" height="24" viewBox="0 0 24 24" fill="none" stroke="currentColor" stroke-width="2" stroke-linecap="round" stroke-linejoin="round" data-lucide="mail" aria-hidden="true" class="lucide lucide-mail"><path d="m22 7-8.991 5.727a2 2 0 0 1-2.009 0L2 7"></path><rect x="2" y="4" width="20" height="16" rx="2"></rect></svg> icon name was not found in the provided icons object.[39m [2m(src\design\features\storefront\Header.jsx:81:30)[22m
[2m[WebServer] [22m[36m[browser][39m [33m<svg xmlns="http://www.w3.org/2000/svg" width="24" height="24" viewBox="0 0 24 24" fill="none" stroke="currentColor" stroke-width="2" stroke-linecap="round" stroke-linejoin="round" data-lucide="x" aria-hidden="true" class="lucide lucide-x"><path d="M18 6 6 18"></path><path d="m6 6 12 12"></path></svg> icon name was not found in the provided icons object.[39m [2m(src\design\features\storefront\Header.jsx:81:30)[22m
[2m[WebServer] [22m[36m[browser][39m [33m<svg xmlns="http://www.w3.org/2000/svg" width="24" height="24" viewBox="0 0 24 24" fill="none" stroke="currentColor" stroke-width="2" stroke-linecap="round" stroke-linejoin="round" data-lucide="shopping-cart" aria-hidden="true" class="lucide lucide-shopping-cart"><circle cx="8" cy="21" r="1"></circle><circle cx="19" cy="21" r="1"></circle><path d="M2.05 2.05h2l2.66 12.42a2 2 0 0 0 2 1.58h9.78a2 2 0 0 0 1.95-1.57l1.65-7.43H5.12"></path></svg> icon name was not found in the provided icons object.[39m [2m(src\design\features\storefront\Header.jsx:81:30)[22m
[2m[WebServer] [22m GET /testimonials [32m200[39m in 2.1s[2m (next.js: 1299ms, application-code: 792ms)[22m
[2m[WebServer] [22m GET /shop [32m200[39m in 2.0s[2m (next.js: 1836ms, application-code: 211ms)[22m
[2m[WebServer] [22m GET /build [32m200[39m in 72ms[2m (next.js: 17ms, application-code: 56ms)[22m
  ok 40 [chromium] › tests\testimonials.spec.ts:3:5 › SCN-006 testimonials hero renders source-backed copy in both locale states (5.2s)
[2m[WebServer] [22m GET /products/mako-shark [32m200[39m in 91ms[2m (next.js: 19ms, application-code: 73ms)[22m
[2m[WebServer] [22m GET /engineering [32m200[39m in 81ms[2m (next.js: 17ms, application-code: 64ms)[22m
  ok 33 [chromium] › tests\contract.spec.ts:147:7 › SCN-001 site shell contract › shared header visual treatment remains stable across storefront routes (30.2s)
[2m[WebServer] [22m GET /about [32m200[39m in 780ms[2m (next.js: 724ms, application-code: 56ms)[22m
[2m[WebServer] [22m[36m[browser][39m [33m<svg xmlns="http://www.w3.org/2000/svg" width="24" height="24" viewBox="0 0 24 24" fill="none" stroke="currentColor" stroke-width="2" stroke-linecap="round" stroke-linejoin="round" data-lucide="menu" aria-hidden="true" class="lucide lucide-menu"><path d="M4 5h16"></path><path d="M4 12h16"></path><path d="M4 19h16"></path></svg> icon name was not found in the provided icons object.[39m [2m(src\design\features\storefront\Header.jsx:81:30)[22m
[2m[WebServer] [22m[36m[browser][39m [33m<svg xmlns="http://www.w3.org/2000/svg" width="24" height="24" viewBox="0 0 24 24" fill="none" stroke="currentColor" stroke-width="2" stroke-linecap="round" stroke-linejoin="round" data-lucide="search" aria-hidden="true" class="lucide lucide-search"><path d="m21 21-4.34-4.34"></path><circle cx="11" cy="11" r="8"></circle></svg> icon name was not found in the provided icons object.[39m [2m(src\design\features\storefront\Header.jsx:81:30)[22m
[2m[WebServer] [22m[36m[browser][39m [33m<svg xmlns="http://www.w3.org/2000/svg" width="24" height="24" viewBox="0 0 24 24" fill="none" stroke="currentColor" stroke-width="2" stroke-linecap="round" stroke-linejoin="round" data-lucide="shopping-cart" aria-hidden="true" class="lucide lucide-shopping-cart"><circle cx="8" cy="21" r="1"></circle><circle cx="19" cy="21" r="1"></circle><path d="M2.05 2.05h2l2.66 12.42a2 2 0 0 0 2 1.58h9.78a2 2 0 0 0 1.95-1.57l1.65-7.43H5.12"></path></svg> icon name was not found in the provided icons object.[39m [2m(src\design\features\storefront\Header.jsx:81:30)[22m
[2m[WebServer] [22m[36m[browser][39m [33m<svg xmlns="http://www.w3.org/2000/svg" width="24" height="24" viewBox="0 0 24 24" fill="none" stroke="currentColor" stroke-width="2" stroke-linecap="round" stroke-linejoin="round" data-lucide="mail" aria-hidden="true" class="lucide lucide-mail"><path d="m22 7-8.991 5.727a2 2 0 0 1-2.009 0L2 7"></path><rect x="2" y="4" width="20" height="16" rx="2"></rect></svg> icon name was not found in the provided icons object.[39m [2m(src\design\features\storefront\Header.jsx:81:30)[22m
[2m[WebServer] [22m[36m[browser][39m [33m<svg xmlns="http://www.w3.org/2000/svg" width="24" height="24" viewBox="0 0 24 24" fill="none" stroke="currentColor" stroke-width="2" stroke-linecap="round" stroke-linejoin="round" data-lucide="message-square" aria-hidden="true" class="lucide lucide-message-square"><path d="M22 17a2 2 0 0 1-2 2H6.828a2 2 0 0 0-1.414.586l-2.202 2.202A.71.71 0 0 1 2 21.286V5a2 2 0 0 1 2-2h16a2 2 0 0 1 2 2z"></path></svg> icon name was not found in the provided icons object.[39m [2m(src\design\features\storefront\Header.jsx:81:30)[22m
[2m[WebServer] [22m[36m[browser][39m [33m<svg xmlns="http://www.w3.org/2000/svg" width="24" height="24" viewBox="0 0 24 24" fill="none" stroke="currentColor" stroke-width="2" stroke-linecap="round" stroke-linejoin="round" data-lucide="mail" aria-hidden="true" class="lucide lucide-mail"><path d="m22 7-8.991 5.727a2 2 0 0 1-2.009 0L2 7"></path><rect x="2" y="4" width="20" height="16" rx="2"></rect></svg> icon name was not found in the provided icons object.[39m [2m(src\design\features\storefront\Header.jsx:81:30)[22m
[2m[WebServer] [22m[36m[browser][39m [33m<svg xmlns="http://www.w3.org/2000/svg" width="24" height="24" viewBox="0 0 24 24" fill="none" stroke="currentColor" stroke-width="2" stroke-linecap="round" stroke-linejoin="round" data-lucide="x" aria-hidden="true" class="lucide lucide-x"><path d="M18 6 6 18"></path><path d="m6 6 12 12"></path></svg> icon name was not found in the provided icons object.[39m [2m(src\design\features\storefront\Header.jsx:81:30)[22m
[2m[WebServer] [22m[36m[browser][39m [33m<svg xmlns="http://www.w3.org/2000/svg" width="24" height="24" viewBox="0 0 24 24" fill="none" stroke="currentColor" stroke-width="2" stroke-linecap="round" stroke-linejoin="round" data-lucide="shopping-cart" aria-hidden="true" class="lucide lucide-shopping-cart"><circle cx="8" cy="21" r="1"></circle><circle cx="19" cy="21" r="1"></circle><path d="M2.05 2.05h2l2.66 12.42a2 2 0 0 0 2 1.58h9.78a2 2 0 0 0 1.95-1.57l1.65-7.43H5.12"></path></svg> icon name was not found in the provided icons object.[39m [2m(src\design\features\storefront\Header.jsx:81:30)[22m
[2m[WebServer] [22m[36m[browser][39m [33m<svg xmlns="http://www.w3.org/2000/svg" width="24" height="24" viewBox="0 0 24 24" fill="none" stroke="currentColor" stroke-width="2" stroke-linecap="round" stroke-linejoin="round" data-lucide="menu" aria-hidden="true" class="lucide lucide-menu"><path d="M4 5h16"></path><path d="M4 12h16"></path><path d="M4 19h16"></path></svg> icon name was not found in the provided icons object.[39m [2m(src\design\features\storefront\Header.jsx:81:30)[22m
[2m[WebServer] [22m[36m[browser][39m [33m<svg xmlns="http://www.w3.org/2000/svg" width="24" height="24" viewBox="0 0 24 24" fill="none" stroke="currentColor" stroke-width="2" stroke-linecap="round" stroke-linejoin="round" data-lucide="search" aria-hidden="true" class="lucide lucide-search"><path d="m21 21-4.34-4.34"></path><circle cx="11" cy="11" r="8"></circle></svg> icon name was not found in the provided icons object.[39m [2m(src\design\features\storefront\Header.jsx:81:30)[22m
[2m[WebServer] [22m[36m[browser][39m [33m<svg xmlns="http://www.w3.org/2000/svg" width="24" height="24" viewBox="0 0 24 24" fill="none" stroke="currentColor" stroke-width="2" stroke-linecap="round" stroke-linejoin="round" data-lucide="shopping-cart" aria-hidden="true" class="lucide lucide-shopping-cart"><circle cx="8" cy="21" r="1"></circle><circle cx="19" cy="21" r="1"></circle><path d="M2.05 2.05h2l2.66 12.42a2 2 0 0 0 2 1.58h9.78a2 2 0 0 0 1.95-1.57l1.65-7.43H5.12"></path></svg> icon name was not found in the provided icons object.[39m [2m(src\design\features\storefront\Header.jsx:81:30)[22m
[2m[WebServer] [22m[36m[browser][39m [33m<svg xmlns="http://www.w3.org/2000/svg" width="24" height="24" viewBox="0 0 24 24" fill="none" stroke="currentColor" stroke-width="2" stroke-linecap="round" stroke-linejoin="round" data-lucide="mail" aria-hidden="true" class="lucide lucide-mail"><path d="m22 7-8.991 5.727a2 2 0 0 1-2.009 0L2 7"></path><rect x="2" y="4" width="20" height="16" rx="2"></rect></svg> icon name was not found in the provided icons object.[39m [2m(src\design\features\storefront\Header.jsx:81:30)[22m
[2m[WebServer] [22m[36m[browser][39m [33m<svg xmlns="http://www.w3.org/2000/svg" width="24" height="24" viewBox="0 0 24 24" fill="none" stroke="currentColor" stroke-width="2" stroke-linecap="round" stroke-linejoin="round" data-lucide="message-square" aria-hidden="true" class="lucide lucide-message-square"><path d="M22 17a2 2 0 0 1-2 2H6.828a2 2 0 0 0-1.414.586l-2.202 2.202A.71.71 0 0 1 2 21.286V5a2 2 0 0 1 2-2h16a2 2 0 0 1 2 2z"></path></svg> icon name was not found in the provided icons object.[39m [2m(src\design\features\storefront\Header.jsx:81:30)[22m
[2m[WebServer] [22m[36m[browser][39m [33m<svg xmlns="http://www.w3.org/2000/svg" width="24" height="24" viewBox="0 0 24 24" fill="none" stroke="currentColor" stroke-width="2" stroke-linecap="round" stroke-linejoin="round" data-lucide="mail" aria-hidden="true" class="lucide lucide-mail"><path d="m22 7-8.991 5.727a2 2 0 0 1-2.009 0L2 7"></path><rect x="2" y="4" width="20" height="16" rx="2"></rect></svg> icon name was not found in the provided icons object.[39m [2m(src\design\features\storefront\Header.jsx:81:30)[22m
[2m[WebServer] [22m[36m[browser][39m [33m<svg xmlns="http://www.w3.org/2000/svg" width="24" height="24" viewBox="0 0 24 24" fill="none" stroke="currentColor" stroke-width="2" stroke-linecap="round" stroke-linejoin="round" data-lucide="x" aria-hidden="true" class="lucide lucide-x"><path d="M18 6 6 18"></path><path d="m6 6 12 12"></path></svg> icon name was not found in the provided icons object.[39m [2m(src\design\features\storefront\Header.jsx:81:30)[22m
[2m[WebServer] [22m[36m[browser][39m [33m<svg xmlns="http://www.w3.org/2000/svg" width="24" height="24" viewBox="0 0 24 24" fill="none" stroke="currentColor" stroke-width="2" stroke-linecap="round" stroke-linejoin="round" data-lucide="shopping-cart" aria-hidden="true" class="lucide lucide-shopping-cart"><circle cx="8" cy="21" r="1"></circle><circle cx="19" cy="21" r="1"></circle><path d="M2.05 2.05h2l2.66 12.42a2 2 0 0 0 2 1.58h9.78a2 2 0 0 0 1.95-1.57l1.65-7.43H5.12"></path></svg> icon name was not found in the provided icons object.[39m [2m(src\design\features\storefront\Header.jsx:81:30)[22m
[2m[WebServer] [22m[36m[browser][39m [33m<svg xmlns="http://www.w3.org/2000/svg" width="24" height="24" viewBox="0 0 24 24" fill="none" stroke="currentColor" stroke-width="2" stroke-linecap="round" stroke-linejoin="round" data-lucide="menu" aria-hidden="true" class="lucide lucide-menu"><path d="M4 5h16"></path><path d="M4 12h16"></path><path d="M4 19h16"></path></svg> icon name was not found in the provided icons object.[39m [2m(src\design\features\storefront\Header.jsx:81:30)[22m
[2m[WebServer] [22m[36m[browser][39m [33m<svg xmlns="http://www.w3.org/2000/svg" width="24" height="24" viewBox="0 0 24 24" fill="none" stroke="currentColor" stroke-width="2" stroke-linecap="round" stroke-linejoin="round" data-lucide="search" aria-hidden="true" class="lucide lucide-search"><path d="m21 21-4.34-4.34"></path><circle cx="11" cy="11" r="8"></circle></svg> icon name was not found in the provided icons object.[39m [2m(src\design\features\storefront\Header.jsx:81:30)[22m
[2m[WebServer] [22m[36m[browser][39m [33m<svg xmlns="http://www.w3.org/2000/svg" width="24" height="24" viewBox="0 0 24 24" fill="none" stroke="currentColor" stroke-width="2" stroke-linecap="round" stroke-linejoin="round" data-lucide="shopping-cart" aria-hidden="true" class="lucide lucide-shopping-cart"><circle cx="8" cy="21" r="1"></circle><circle cx="19" cy="21" r="1"></circle><path d="M2.05 2.05h2l2.66 12.42a2 2 0 0 0 2 1.58h9.78a2 2 0 0 0 1.95-1.57l1.65-7.43H5.12"></path></svg> icon name was not found in the provided icons object.[39m [2m(src\design\features\storefront\Header.jsx:81:30)[22m
[2m[WebServer] [22m[36m[browser][39m [33m<svg xmlns="http://www.w3.org/2000/svg" width="24" height="24" viewBox="0 0 24 24" fill="none" stroke="currentColor" stroke-width="2" stroke-linecap="round" stroke-linejoin="round" data-lucide="search" aria-hidden="true" class="lucide lucide-search"><path d="m21 21-4.34-4.34"></path><circle cx="11" cy="11" r="8"></circle></svg> icon name was not found in the provided icons object.[39m [2m(src\design\features\storefront\Header.jsx:81:30)[22m
[2m[WebServer] [22m[36m[browser][39m [33m<svg xmlns="http://www.w3.org/2000/svg" width="24" height="24" viewBox="0 0 24 24" fill="none" stroke="currentColor" stroke-width="2" stroke-linecap="round" stroke-linejoin="round" data-lucide="mail" aria-hidden="true" class="lucide lucide-mail"><path d="m22 7-8.991 5.727a2 2 0 0 1-2.009 0L2 7"></path><rect x="2" y="4" width="20" height="16" rx="2"></rect></svg> icon name was not found in the provided icons object.[39m [2m(src\design\features\storefront\Header.jsx:81:30)[22m
[2m[WebServer] [22m[36m[browser][39m [33m<svg xmlns="http://www.w3.org/2000/svg" width="24" height="24" viewBox="0 0 24 24" fill="none" stroke="currentColor" stroke-width="2" stroke-linecap="round" stroke-linejoin="round" data-lucide="message-square" aria-hidden="true" class="lucide lucide-message-square"><path d="M22 17a2 2 0 0 1-2 2H6.828a2 2 0 0 0-1.414.586l-2.202 2.202A.71.71 0 0 1 2 21.286V5a2 2 0 0 1 2-2h16a2 2 0 0 1 2 2z"></path></svg> icon name was not found in the provided icons object.[39m [2m(src\design\features\storefront\Header.jsx:81:30)[22m
[2m[WebServer] [22m[36m[browser][39m [33m<svg xmlns="http://www.w3.org/2000/svg" width="24" height="24" viewBox="0 0 24 24" fill="none" stroke="currentColor" stroke-width="2" stroke-linecap="round" stroke-linejoin="round" data-lucide="mail" aria-hidden="true" class="lucide lucide-mail"><path d="m22 7-8.991 5.727a2 2 0 0 1-2.009 0L2 7"></path><rect x="2" y="4" width="20" height="16" rx="2"></rect></svg> icon name was not found in the provided icons object.[39m [2m(src\design\features\storefront\Header.jsx:81:30)[22m
[2m[WebServer] [22m[36m[browser][39m [33m<svg xmlns="http://www.w3.org/2000/svg" width="24" height="24" viewBox="0 0 24 24" fill="none" stroke="currentColor" stroke-width="2" stroke-linecap="round" stroke-linejoin="round" data-lucide="x" aria-hidden="true" class="lucide lucide-x"><path d="M18 6 6 18"></path><path d="m6 6 12 12"></path></svg> icon name was not found in the provided icons object.[39m [2m(src\design\features\storefront\Header.jsx:81:30)[22m
[2m[WebServer] [22m[36m[browser][39m [33m<svg xmlns="http://www.w3.org/2000/svg" width="24" height="24" viewBox="0 0 24 24" fill="none" stroke="currentColor" stroke-width="2" stroke-linecap="round" stroke-linejoin="round" data-lucide="shopping-cart" aria-hidden="true" class="lucide lucide-shopping-cart"><circle cx="8" cy="21" r="1"></circle><circle cx="19" cy="21" r="1"></circle><path d="M2.05 2.05h2l2.66 12.42a2 2 0 0 0 2 1.58h9.78a2 2 0 0 0 1.95-1.57l1.65-7.43H5.12"></path></svg> icon name was not found in the provided icons object.[39m [2m(src\design\features\storefront\Header.jsx:81:30)[22m
  ok 41 [chromium] › tests\contract.spec.ts:205:7 › SCN-001 site shell contract › shared header controls retain their navigation routes (4.6s)
[2m[WebServer] [22m GET /build [32m200[39m in 65ms[2m (next.js: 15ms, application-code: 50ms)[22m
[2m[WebServer] [22m[36m[browser][39m [33m<svg xmlns="http://www.w3.org/2000/svg" width="24" height="24" viewBox="0 0 24 24" fill="none" stroke="currentColor" stroke-width="2" stroke-linecap="round" stroke-linejoin="round" data-lucide="menu" aria-hidden="true" class="lucide lucide-menu"><path d="M4 5h16"></path><path d="M4 12h16"></path><path d="M4 19h16"></path></svg> icon name was not found in the provided icons object.[39m [2m(src\design\features\storefront\Header.jsx:81:30)[22m
[2m[WebServer] [22m[36m[browser][39m [33m<svg xmlns="http://www.w3.org/2000/svg" width="24" height="24" viewBox="0 0 24 24" fill="none" stroke="currentColor" stroke-width="2" stroke-linecap="round" stroke-linejoin="round" data-lucide="search" aria-hidden="true" class="lucide lucide-search"><path d="m21 21-4.34-4.34"></path><circle cx="11" cy="11" r="8"></circle></svg> icon name was not found in the provided icons object.[39m [2m(src\design\features\storefront\Header.jsx:81:30)[22m
[2m[WebServer] [22m[36m[browser][39m [33m<svg xmlns="http://www.w3.org/2000/svg" width="24" height="24" viewBox="0 0 24 24" fill="none" stroke="currentColor" stroke-width="2" stroke-linecap="round" stroke-linejoin="round" data-lucide="shopping-cart" aria-hidden="true" class="lucide lucide-shopping-cart"><circle cx="8" cy="21" r="1"></circle><circle cx="19" cy="21" r="1"></circle><path d="M2.05 2.05h2l2.66 12.42a2 2 0 0 0 2 1.58h9.78a2 2 0 0 0 1.95-1.57l1.65-7.43H5.12"></path></svg> icon name was not found in the provided icons object.[39m [2m(src\design\features\storefront\Header.jsx:81:30)[22m
[2m[WebServer] [22m[36m[browser][39m [33m<svg xmlns="http://www.w3.org/2000/svg" width="24" height="24" viewBox="0 0 24 24" fill="none" stroke="currentColor" stroke-width="2" stroke-linecap="round" stroke-linejoin="round" data-lucide="mail" aria-hidden="true" class="lucide lucide-mail"><path d="m22 7-8.991 5.727a2 2 0 0 1-2.009 0L2 7"></path><rect x="2" y="4" width="20" height="16" rx="2"></rect></svg> icon name was not found in the provided icons object.[39m [2m(src\design\features\storefront\Header.jsx:81:30)[22m
[2m[WebServer] [22m[36m[browser][39m [33m<svg xmlns="http://www.w3.org/2000/svg" width="24" height="24" viewBox="0 0 24 24" fill="none" stroke="currentColor" stroke-width="2" stroke-linecap="round" stroke-linejoin="round" data-lucide="message-square" aria-hidden="true" class="lucide lucide-message-square"><path d="M22 17a2 2 0 0 1-2 2H6.828a2 2 0 0 0-1.414.586l-2.202 2.202A.71.71 0 0 1 2 21.286V5a2 2 0 0 1 2-2h16a2 2 0 0 1 2 2z"></path></svg> icon name was not found in the provided icons object.[39m [2m(src\design\features\storefront\Header.jsx:81:30)[22m
[2m[WebServer] [22m[36m[browser][39m [33m<svg xmlns="http://www.w3.org/2000/svg" width="24" height="24" viewBox="0 0 24 24" fill="none" stroke="currentColor" stroke-width="2" stroke-linecap="round" stroke-linejoin="round" data-lucide="mail" aria-hidden="true" class="lucide lucide-mail"><path d="m22 7-8.991 5.727a2 2 0 0 1-2.009 0L2 7"></path><rect x="2" y="4" width="20" height="16" rx="2"></rect></svg> icon name was not found in the provided icons object.[39m [2m(src\design\features\storefront\Header.jsx:81:30)[22m
[2m[WebServer] [22m[36m[browser][39m [33m<svg xmlns="http://www.w3.org/2000/svg" width="24" height="24" viewBox="0 0 24 24" fill="none" stroke="currentColor" stroke-width="2" stroke-linecap="round" stroke-linejoin="round" data-lucide="x" aria-hidden="true" class="lucide lucide-x"><path d="M18 6 6 18"></path><path d="m6 6 12 12"></path></svg> icon name was not found in the provided icons object.[39m [2m(src\design\features\storefront\Header.jsx:81:30)[22m
[2m[WebServer] [22m[36m[browser][39m [33m<svg xmlns="http://www.w3.org/2000/svg" width="24" height="24" viewBox="0 0 24 24" fill="none" stroke="currentColor" stroke-width="2" stroke-linecap="round" stroke-linejoin="round" data-lucide="shopping-cart" aria-hidden="true" class="lucide lucide-shopping-cart"><circle cx="8" cy="21" r="1"></circle><circle cx="19" cy="21" r="1"></circle><path d="M2.05 2.05h2l2.66 12.42a2 2 0 0 0 2 1.58h9.78a2 2 0 0 0 1.95-1.57l1.65-7.43H5.12"></path></svg> icon name was not found in the provided icons object.[39m [2m(src\design\features\storefront\Header.jsx:81:30)[22m
  ok 42 [chromium] › tests\contract.spec.ts:224:7 › SCN-001 site shell contract › editorial menu exposes the four premium journeys and closes with Escape (2.8s)
[2m[WebServer] [22m GET /build [32m200[39m in 405ms[2m (next.js: 337ms, application-code: 68ms)[22m
  ok 43 [chromium] › tests\contract.spec.ts:259:7 › SCN-001 site shell contract › bespoke build advances through compatible component choices (2.9s)
[2m[WebServer] [22m GET /build [32m200[39m in 53ms[2m (next.js: 15ms, application-code: 38ms)[22m
[2m[WebServer] [22m GET /build [32m200[39m in 56ms[2m (next.js: 16ms, application-code: 40ms)[22m
  ok 44 [chromium] › tests\contract.spec.ts:272:7 › SCN-001 site shell contract › build base selection updates the official product identity and persists it (3.9s)
[2m[WebServer] [22m GET /build [32m200[39m in 55ms[2m (next.js: 14ms, application-code: 41ms)[22m
  ok 45 [chromium] › tests\contract.spec.ts:290:7 › SCN-001 site shell contract › build tabs use roving focus and support arrow, Home, and End keys (2.6s)
[2m[WebServer] [22m GET /build [32m200[39m in 65ms[2m (next.js: 17ms, application-code: 48ms)[22m
  ok 46 [chromium] › tests\contract.spec.ts:317:7 › SCN-001 site shell contract › finish choice stays explicit and Finish your build opens a truthful review (2.9s)
[2m[WebServer] [22m GET /build [32m200[39m in 40ms[2m (next.js: 13ms, application-code: 27ms)[22m
[2m[WebServer] [22m GET /build [32m200[39m in 55ms[2m (next.js: 17ms, application-code: 38ms)[22m
  ok 47 [chromium] › tests\contract.spec.ts:335:7 › SCN-001 site shell contract › build studio keeps the product image on one seamless porcelain canvas (4.1s)
[2m[WebServer] [22m GET /build [32m200[39m in 45ms[2m (next.js: 12ms, application-code: 32ms)[22m
  ok 48 [chromium] › tests\contract.spec.ts:399:7 › SCN-001 site shell contract › build detail strip uses four distinct generated component studies (2.4s)
[2m[WebServer] [22m GET /engineering [32m200[39m in 39ms[2m (next.js: 14ms, application-code: 26ms)[22m
[2m[WebServer] [22m GET /engineering [32m200[39m in 635ms[2m (next.js: 569ms, application-code: 66ms)[22m
[2m[WebServer] [22m GET /engineering [32m200[39m in 66ms[2m (next.js: 18ms, application-code: 49ms)[22m
  ok 49 [chromium] › tests\contract.spec.ts:419:7 › SCN-001 site shell contract › engineering journey tells a dedicated component story and routes its calls to action (5.1s)
[2m[WebServer] [22m GET / [32m200[39m in 40ms[2m (next.js: 8ms, application-code: 32ms)[22m
[2m[WebServer] [22m GET /shop [32m200[39m in 62ms[2m (next.js: 15ms, application-code: 47ms)[22m
[2m[WebServer] [22m GET /build [32m200[39m in 56ms[2m (next.js: 14ms, application-code: 41ms)[22m
[2m[WebServer] [22m GET /products/mako-shark [32m200[39m in 59ms[2m (next.js: 16ms, application-code: 42ms)[22m
[2m[WebServer] [22m GET /engineering [32m200[39m in 74ms[2m (next.js: 17ms, application-code: 57ms)[22m
  ok 50 [chromium] › tests\contract.spec.ts:450:7 › SCN-001 site shell contract › shared header routes render without console errors (7.4s)
[2m[WebServer] [22m GET / [32m200[39m in 34ms[2m (next.js: 2ms, application-code: 32ms)[22m
  ok 51 [chromium] › tests\contract.spec.ts:465:7 › SCN-001 site shell contract › store locator remains available from the support footer (2.5s)
[2m[WebServer] [22m GET / [32m200[39m in 32ms[2m (next.js: 2ms, application-code: 30ms)[22m
  ok 52 [chromium] › tests\contract.spec.ts:470:7 › SCN-001 site shell contract › support footer exposes warranty and contact routes (2.3s)
[2m[WebServer] [22m GET / [32m200[39m in 31ms[2m (next.js: 3ms, application-code: 28ms)[22m
[2m[WebServer] [22m GET / [32m200[39m in 35ms[2m (next.js: 2ms, application-code: 32ms)[22m
  ok 53 [chromium] › tests\contract.spec.ts:477:7 › SCN-001 site shell contract › accept dismisses consent immediately and persists the choice (2.3s)
[2m[WebServer] [22m GET / [32m200[39m in 34ms[2m (next.js: 3ms, application-code: 31ms)[22m
[2m[WebServer] [22m GET / [32m200[39m in 33ms[2m (next.js: 3ms, application-code: 30ms)[22m
  ok 54 [chromium] › tests\contract.spec.ts:487:7 › SCN-001 site shell contract › decline dismisses consent immediately and persists the choice (2.3s)
[2m[WebServer] [22m GET / [32m200[39m in 32ms[2m (next.js: 2ms, application-code: 30ms)[22m
  ok 55 [chromium] › tests\contract.spec.ts:497:7 › SCN-001 site shell contract › consent still dismisses when storage is unavailable (1.5s)

  55 passed (3.1m)
