
> web@0.1.0 test
> playwright test --reporter=line


Running 23 tests using 2 workers

[1A[2K[1/23] [chromium] › tests\blog.spec.ts:3:5 › SCN-007 blog landing renders the approved article hero in both locale states
[1A[2K[2/23] [chromium] › tests\a11y.spec.ts:4:5 › Dealer locator passes axe audit
[1A[2K[3/23] [chromium] › tests\brand-story.spec.ts:4:7 › SCN-005 brand story › renders hero copy and CTA links
[1A[2K[4/23] [chromium] › tests\contract.spec.ts:6:7 › SCN-001 site shell contract › hero conveys brand promise and CTA
[1A[2K[5/23] [chromium] › tests\dealer-data.spec.ts:16:5 › dealer data matches SCN-004 schema
[1A[2K[6/23] [chromium] › tests\dealer-locator.spec.ts:16:7 › SCN-004 dealer locator contract › valid postal shows dealer results and filter chips update list
[1A[2K[7/23] [chromium] › tests\contract.spec.ts:12:7 › SCN-001 site shell contract › primary CTA opens the redesigned catalog
[1A[2K[8/23] [chromium] › tests\dealer-locator.spec.ts:28:7 › SCN-004 dealer locator contract › invalid postal triggers inline error
[1A[2K[9/23] [chromium] › tests\dealer-locator.spec.ts:38:7 › SCN-004 dealer locator contract › outage banner hides results and promotes support channels
[1A[2K[10/23] [chromium] › tests\contract.spec.ts:19:7 › SCN-001 site shell contract › shared header geometry remains stable between home and catalog
[1A[2K[11/23] [chromium] › tests\dealer-locator.spec.ts:50:7 › SCN-004 dealer locator contract › analytics stubs push GA payloads with consent flag
[1A[2K[12/23] [chromium] › tests\outage.spec.ts:5:5 › outage toggle logs analytics event
[1A[2K[13/23] [chromium] › tests\contract.spec.ts:53:7 › SCN-001 site shell contract › brand mark and wordmark retain their optical alignment
[1A[2K[14/23] [chromium] › tests\support.spec.ts:3:5 › SCN-008 support hub renders bilingual hero and contacts
[1A[2K[15/23] [chromium] › tests\contract.spec.ts:75:7 › SCN-001 site shell contract › shared header visual treatment remains stable across storefront routes
[1A[2K[16/23] [chromium] › tests\testimonials.spec.ts:3:5 › SCN-006 testimonials hero renders source-backed copy in both locale states
[1A[2K[17/23] [chromium] › tests\contract.spec.ts:118:7 › SCN-001 site shell contract › shared header controls retain their navigation routes
[1A[2K[18/23] [chromium] › tests\contract.spec.ts:135:7 › SCN-001 site shell contract › shared header routes render without console errors
[1A[2K[19/23] [chromium] › tests\contract.spec.ts:150:7 › SCN-001 site shell contract › store locator remains available from the support footer
[1A[2K[20/23] [chromium] › tests\contract.spec.ts:155:7 › SCN-001 site shell contract › support footer exposes warranty and contact routes
[1A[2K[21/23] [chromium] › tests\contract.spec.ts:162:7 › SCN-001 site shell contract › accept dismisses consent immediately and persists the choice
[1A[2K[22/23] [chromium] › tests\contract.spec.ts:172:7 › SCN-001 site shell contract › decline dismisses consent immediately and persists the choice
[1A[2K[23/23] [chromium] › tests\contract.spec.ts:182:7 › SCN-001 site shell contract › consent still dismisses when storage is unavailable
[1A[2K  23 passed (42.5s)
