
> web@0.1.0 test
> playwright test

[2m[WebServer] [22m
[2m[WebServer] [22m> web@0.1.0 dev
[2m[WebServer] [22m> next dev --hostname 127.0.0.1 --port 3100
[2m[WebServer] [22m
[2m[WebServer] [22m[1m[38;2;173;127;168m▲ Next.js 16.2.10[39m[22m (Turbopack)
[2m[WebServer] [22m- Local:         http://127.0.0.1:3100
[2m[WebServer] [22m- Network:       http://127.0.0.1:3100
[2m[WebServer] [22m[32m[1m✓[22m[39m Ready in 738ms
[2m[WebServer] [22m
[2m[WebServer] [22m GET / [32m200[39m in 1242ms[2m (next.js: 843ms, application-code: 399ms)[22m

Running 15 tests using 2 workers

[2m[WebServer] [22m GET /blog [32m200[39m in 603ms[2m (next.js: 60ms, application-code: 543ms)[22m
[2m[WebServer] [22m GET /dealers [32m200[39m in 485ms[2m (next.js: 100ms, application-code: 385ms)[22m
[2m[WebServer] [22m GET /api/dealers [32m200[39m in 224ms[2m (next.js: 174ms, application-code: 50ms)[22m
  ok  1 [chromium] › tests\blog.spec.ts:3:5 › SCN-007 blog landing renders the approved article hero in both locale states (5.8s)
[2m[WebServer] [22m GET /brand-story [32m200[39m in 235ms[2m (next.js: 53ms, application-code: 182ms)[22m
  ok  2 [chromium] › tests\a11y.spec.ts:4:5 › Dealer locator passes axe audit (7.6s)
  ok  3 [chromium] › tests\brand-story.spec.ts:4:7 › SCN-005 brand story › renders hero copy and CTA links (2.0s)
  ok  5 [chromium] › tests\dealer-data.spec.ts:16:5 › dealer data matches SCN-004 schema (30ms)
[2m[WebServer] [22m GET /dealers [32m200[39m in 287ms[2m (next.js: 7ms, application-code: 280ms)[22m
[2m[WebServer] [22m GET / [32m200[39m in 295ms[2m (next.js: 23ms, application-code: 272ms)[22m
[2m[WebServer] [22m GET /api/dealers [32m200[39m in 41ms[2m (next.js: 31ms, application-code: 10ms)[22m
  ok  6 [chromium] › tests\dealer-locator.spec.ts:16:7 › SCN-004 dealer locator contract › valid postal shows dealer results and filter chips update list (2.6s)
  ok  4 [chromium] › tests\contract.spec.ts:6:7 › SCN-001 site shell contract › hero conveys brand promise and CTA (3.3s)
[2m[WebServer] [22m GET /dealers [32m200[39m in 94ms[2m (next.js: 4ms, application-code: 89ms)[22m
[2m[WebServer] [22m GET /api/dealers [32m200[39m in 15ms[2m (next.js: 9ms, application-code: 6ms)[22m
  ok  7 [chromium] › tests\dealer-locator.spec.ts:28:7 › SCN-004 dealer locator contract › invalid postal triggers inline error (2.0s)
[2m[WebServer] [22m GET / [32m200[39m in 111ms[2m (next.js: 26ms, application-code: 85ms)[22m
  ok  8 [chromium] › tests\contract.spec.ts:12:7 › SCN-001 site shell contract › primary CTA opens the redesigned catalog (2.5s)
[2m[WebServer] [22m GET /dealers [32m200[39m in 319ms[2m (next.js: 16ms, application-code: 304ms)[22m
[2m[WebServer] [22m GET /api/dealers [32m200[39m in 11ms[2m (next.js: 3ms, application-code: 8ms)[22m
  ok  9 [chromium] › tests\dealer-locator.spec.ts:38:7 › SCN-004 dealer locator contract › outage banner hides results and promotes support channels (2.9s)
[2m[WebServer] [22m GET / [32m200[39m in 60ms[2m (next.js: 10ms, application-code: 49ms)[22m
  ok 10 [chromium] › tests\contract.spec.ts:19:7 › SCN-001 site shell contract › store locator remains available from the support footer (3.0s)
[2m[WebServer] [22m GET / [32m200[39m in 97ms[2m (next.js: 6ms, application-code: 92ms)[22m
  ok 12 [chromium] › tests\contract.spec.ts:24:7 › SCN-001 site shell contract › support footer exposes warranty and contact routes (3.7s)
[2m[WebServer] [22m GET /dealers [32m200[39m in 59ms[2m (next.js: 4ms, application-code: 55ms)[22m
[2m[WebServer] [22m GET /api/dealers [32m200[39m in 9ms[2m (next.js: 2ms, application-code: 6ms)[22m
  ok 13 [chromium] › tests\outage.spec.ts:5:5 › outage toggle logs analytics event (2.9s)
[2m[WebServer] [22m GET /support [32m200[39m in 416ms[2m (next.js: 47ms, application-code: 369ms)[22m
  ok 14 [chromium] › tests\support.spec.ts:3:5 › SCN-008 support hub renders bilingual hero and contacts (4.0s)
[2m[WebServer] [22m GET /testimonials [32m200[39m in 301ms[2m (next.js: 77ms, application-code: 224ms)[22m
  ok 15 [chromium] › tests\testimonials.spec.ts:3:5 › SCN-006 testimonials hero renders source-backed copy in both locale states (2.8s)
[2m[WebServer] [22m GET /dealers [32m200[39m in 127ms[2m (next.js: 5ms, application-code: 122ms)[22m
[2m[WebServer] [22m GET /api/dealers [32m200[39m in 14ms[2m (next.js: 7ms, application-code: 7ms)[22m
  ok 11 [chromium] › tests\dealer-locator.spec.ts:50:7 › SCN-004 dealer locator contract › analytics stubs push GA payloads with consent flag (33.0s)

  15 passed (58.1s)
